Component: ARM Compiler 5.06 update 6 (build 750) Tool: armlink [4d35ed]

==============================================================================

Section Cross References

    startup_stm32f746xx.o(RESET) refers to startup_stm32f746xx.o(STACK) for __initial_sp
    startup_stm32f746xx.o(RESET) refers to startup_stm32f746xx.o(.text) for Reset_Handler
    startup_stm32f746xx.o(RESET) refers to stm32f7xx_it.o(i.NMI_Handler) for NMI_Handler
    startup_stm32f746xx.o(RESET) refers to stm32f7xx_it.o(i.HardFault_Handler) for HardFault_Handler
    startup_stm32f746xx.o(RESET) refers to stm32f7xx_it.o(i.MemManage_Handler) for MemManage_Handler
    startup_stm32f746xx.o(RESET) refers to stm32f7xx_it.o(i.BusFault_Handler) for BusFault_Handler
    startup_stm32f746xx.o(RESET) refers to stm32f7xx_it.o(i.UsageFault_Handler) for UsageFault_Handler
    startup_stm32f746xx.o(RESET) refers to stm32f7xx_it.o(i.SVC_Handler) for SVC_Handler
    startup_stm32f746xx.o(RESET) refers to stm32f7xx_it.o(i.DebugMon_Handler) for DebugMon_Handler
    startup_stm32f746xx.o(RESET) refers to stm32f7xx_it.o(i.PendSV_Handler) for PendSV_Handler
    startup_stm32f746xx.o(RESET) refers to stm32f7xx_it.o(i.SysTick_Handler) for SysTick_Handler
    startup_stm32f746xx.o(RESET) refers to stm32f7xx_it.o(i.EXTI15_10_IRQHandler) for EXTI15_10_IRQHandler
    startup_stm32f746xx.o(.text) refers to system_stm32f7xx.o(i.SystemInit) for SystemInit
    startup_stm32f746xx.o(.text) refers to entry.o(.ARM.Collect$$$$00000000) for __main
    udp_echoclient.o(i.udp_echoclient_connect) refers to udp.o(i.udp_new) for udp_new
    udp_echoclient.o(i.udp_echoclient_connect) refers to udp.o(i.udp_connect) for udp_connect
    udp_echoclient.o(i.udp_echoclient_connect) refers to udp.o(i.udp_recv) for udp_recv
    udp_echoclient.o(i.udp_echoclient_connect) refers to udp_echoclient.o(.data) for .data
    udp_echoclient.o(i.udp_echoclient_connect) refers to udp_echoclient.o(i.udp_receive_callback) for udp_receive_callback
    udp_echoclient.o(i.udp_echoclient_send) refers to printf3.o(i.__0sprintf$3) for __2sprintf
    udp_echoclient.o(i.udp_echoclient_send) refers to strlen.o(.text) for strlen
    udp_echoclient.o(i.udp_echoclient_send) refers to pbuf.o(i.pbuf_alloc) for pbuf_alloc
    udp_echoclient.o(i.udp_echoclient_send) refers to pbuf.o(i.pbuf_take) for pbuf_take
    udp_echoclient.o(i.udp_echoclient_send) refers to udp.o(i.udp_send) for udp_send
    udp_echoclient.o(i.udp_echoclient_send) refers to pbuf.o(i.pbuf_free) for pbuf_free
    udp_echoclient.o(i.udp_echoclient_send) refers to udp_echoclient.o(.data) for .data
    udp_echoclient.o(i.udp_echoclient_send) refers to udp_echoclient.o(.bss) for .bss
    udp_echoclient.o(i.udp_receive_callback) refers to pbuf.o(i.pbuf_free) for pbuf_free
    udp_echoclient.o(i.udp_receive_callback) refers to udp_echoclient.o(.data) for .data
    main.o(i.HAL_GPIO_EXTI_Callback) refers to udp_echoclient.o(i.udp_echoclient_send) for udp_echoclient_send
    main.o(i.MX_GPIO_Init) refers to memseta.o(.text) for __aeabi_memclr4
    main.o(i.MX_GPIO_Init) refers to stm32f7xx_hal_gpio.o(i.HAL_GPIO_Init) for HAL_GPIO_Init
    main.o(i.MX_GPIO_Init) refers to stm32f7xx_hal_cortex.o(i.HAL_NVIC_EnableIRQ) for HAL_NVIC_EnableIRQ
    main.o(i.SystemClock_Config) refers to memseta.o(.text) for __aeabi_memclr4
    main.o(i.SystemClock_Config) refers to stm32f7xx_hal_rcc.o(i.HAL_RCC_OscConfig) for HAL_RCC_OscConfig
    main.o(i.SystemClock_Config) refers to stm32f7xx_hal_pwr_ex.o(i.HAL_PWREx_EnableOverDrive) for HAL_PWREx_EnableOverDrive
    main.o(i.SystemClock_Config) refers to stm32f7xx_hal_rcc.o(i.HAL_RCC_ClockConfig) for HAL_RCC_ClockConfig
    main.o(i.main) refers to stm32f7xx_hal.o(i.HAL_Init) for HAL_Init
    main.o(i.main) refers to main.o(i.SystemClock_Config) for SystemClock_Config
    main.o(i.main) refers to main.o(i.MX_GPIO_Init) for MX_GPIO_Init
    main.o(i.main) refers to lwip.o(i.MX_LWIP_Init) for MX_LWIP_Init
    main.o(i.main) refers to udp_echoclient.o(i.udp_echoclient_connect) for udp_echoclient_connect
    main.o(i.main) refers to ethernetif.o(i.ethernetif_input) for ethernetif_input
    main.o(i.main) refers to timeouts.o(i.sys_check_timeouts) for sys_check_timeouts
    main.o(i.main) refers to lwip.o(.bss) for gnetif
    lwip.o(i.MX_LWIP_Init) refers to init.o(i.lwip_init) for lwip_init
    lwip.o(i.MX_LWIP_Init) refers to netif.o(i.netif_add) for netif_add
    lwip.o(i.MX_LWIP_Init) refers to netif.o(i.netif_set_default) for netif_set_default
    lwip.o(i.MX_LWIP_Init) refers to netif.o(i.netif_set_up) for netif_set_up
    lwip.o(i.MX_LWIP_Init) refers to netif.o(i.netif_set_down) for netif_set_down
    lwip.o(i.MX_LWIP_Init) refers to netif.o(i.netif_set_link_callback) for netif_set_link_callback
    lwip.o(i.MX_LWIP_Init) refers to lwip.o(.data) for .data
    lwip.o(i.MX_LWIP_Init) refers to ethernet.o(i.ethernet_input) for ethernet_input
[...]
    ..\Middlewares\Third_Party\LwIP\src\netif\ppp\eui64.c 0x00000000   Number         0  eui64.o ABSOLUTE
    ..\Middlewares\Third_Party\LwIP\src\netif\ppp\fsm.c 0x00000000   Number         0  fsm.o ABSOLUTE
    ..\Middlewares\Third_Party\LwIP\src\netif\ppp\ipcp.c 0x00000000   Number         0  ipcp.o ABSOLUTE
    ..\Middlewares\Third_Party\LwIP\src\netif\ppp\ipv6cp.c 0x00000000   Number         0  ipv6cp.o ABSOLUTE
    ..\Middlewares\Third_Party\LwIP\src\netif\ppp\lcp.c 0x00000000   Number         0  lcp.o ABSOLUTE
    ..\Middlewares\Third_Party\LwIP\src\netif\ppp\magic.c 0x00000000   Number         0  magic.o ABSOLUTE
    ..\Middlewares\Third_Party\LwIP\src\netif\ppp\mppe.c 0x00000000   Number         0  mppe.o ABSOLUTE
    ..\Middlewares\Third_Party\LwIP\src\netif\ppp\multilink.c 0x00000000   Number         0  multilink.o ABSOLUTE
    ..\Middlewares\Third_Party\LwIP\src\netif\ppp\ppp.c 0x00000000   Number         0  ppp.o ABSOLUTE
    ..\Middlewares\Third_Party\LwIP\src\netif\ppp\pppapi.c 0x00000000   Number         0  pppapi.o ABSOLUTE
    ..\Middlewares\Third_Party\LwIP\src\netif\ppp\pppcrypt.c 0x00000000   Number         0  pppcrypt.o ABSOLUTE
    ..\Middlewares\Third_Party\LwIP\src\netif\ppp\pppoe.c 0x00000000   Number         0  pppoe.o ABSOLUTE
    ..\Middlewares\Third_Party\LwIP\src\netif\ppp\pppol2tp.c 0x00000000   Number         0  pppol2tp.o ABSOLUTE
    ..\Middlewares\Third_Party\LwIP\src\netif\ppp\pppos.c 0x00000000   Number         0  pppos.o ABSOLUTE
    ..\Middlewares\Third_Party\LwIP\src\netif\ppp\upap.c 0x00000000   Number         0  upap.o ABSOLUTE
    ..\Middlewares\Third_Party\LwIP\src\netif\ppp\utils.c 0x00000000   Number         0  utils.o ABSOLUTE
    ..\Middlewares\Third_Party\LwIP\src\netif\ppp\vj.c 0x00000000   Number         0  vj.o ABSOLUTE
    ..\Middlewares\Third_Party\LwIP\src\netif\slipif.c 0x00000000   Number         0  slipif.o ABSOLUTE
    ..\Src\ethernetif.c                      0x00000000   Number         0  ethernetif.o ABSOLUTE
    ..\Src\lwip.c                            0x00000000   Number         0  lwip.o ABSOLUTE
    ..\Src\main.c                            0x00000000   Number         0  main.o ABSOLUTE
    ..\Src\stm32f7xx_hal_msp.c               0x00000000   Number         0  stm32f7xx_hal_msp.o ABSOLUTE
    ..\Src\stm32f7xx_it.c                    0x00000000   Number         0  stm32f7xx_it.o ABSOLUTE
    ..\Src\system_stm32f7xx.c                0x00000000   Number         0  system_stm32f7xx.o ABSOLUTE
    ..\Src\udp_echoclient.c                  0x00000000   Number         0  udp_echoclient.o ABSOLUTE
    ..\\Src\\udp_echoclient.c                0x00000000   Number         0  udp_echoclient.o ABSOLUTE
    cdrcmple.s                               0x00000000   Number         0  cdrcmple.o ABSOLUTE
    dc.s                                     0x00000000   Number         0  dc.o ABSOLUTE
    handlers.s                               0x00000000   Number         0  handlers.o ABSOLUTE
    init.s                                   0x00000000   Number         0  init.o ABSOLUTE
    startup_stm32f746xx.s                    0x00000000   Number         0  startup_stm32f746xx.o ABSOLUTE
    RESET                                    0x08000000   Section      456  startup_stm32f746xx.o(RESET)
    .ARM.Collect$$$$00000000                 0x080001c8   Section        0  entry.o(.ARM.Collect$$$$00000000)
    .ARM.Collect$$$$00000001                 0x080001c8   Section        4  entry2.o(.ARM.Collect$$$$00000001)
    .ARM.Collect$$$$00000004                 0x080001cc   Section        4  entry5.o(.ARM.Collect$$$$00000004)
    .ARM.Collect$$$$00000008                 0x080001d0   Section        0  entry7b.o(.ARM.Collect$$$$00000008)
    .ARM.Collect$$$$0000000A                 0x080001d0   Section        0  entry8b.o(.ARM.Collect$$$$0000000A)
    .ARM.Collect$$$$0000000B                 0x080001d0   Section        8  entry9a.o(.ARM.Collect$$$$0000000B)
    .ARM.Collect$$$$0000000D                 0x080001d8   Section        0  entry10a.o(.ARM.Collect$$$$0000000D)
    .ARM.Collect$$$$0000000F                 0x080001d8   Section        0  entry11a.o(.ARM.Collect$$$$0000000F)
    .ARM.Collect$$$$00002712                 0x080001d8   Section        4  entry2.o(.ARM.Collect$$$$00002712)
    __lit__00000000                          0x080001d8   Data           4  entry2.o(.ARM.Collect$$$$00002712)
    .text                                    0x080001dc   Section       36  startup_stm32f746xx.o(.text)
    $v0                                      0x080001dc   Number         0  startup_stm32f746xx.o(.text)
    .text                                    0x08000200   Section        0  uldiv.o(.text)
    .text                                    0x08000262   Section        0  memcpya.o(.text)
    .text                                    0x08000286   Section        0  memseta.o(.text)
    .text                                    0x080002aa   Section        0  strlen.o(.text)
    .text                                    0x080002b8   Section        0  memcmp.o(.text)
    .text                                    0x080002d2   Section        0  uidiv.o(.text)
    .text                                    0x080002fe   Section        0  llshl.o(.text)
    .text                                    0x0800031c   Section        0  llushr.o(.text)
    .text                                    0x0800033c   Section       36  init.o(.text)
    .text                                    0x08000360   Section        0  semi.o(.text)
    .text                                    0x08000360   Section        0  iusesemip.o(.text)
    i.BusFault_Handler                       0x08000360   Section        0  stm32f7xx_it.o(i.BusFault_Handler)
    i.DebugMon_Handler                       0x08000362   Section        0  stm32f7xx_it.o(i.DebugMon_Handler)
    i.ETH_FlushTransmitFIFO                  0x08000364   Section        0  stm32f7xx_hal_eth.o(i.ETH_FlushTransmitFIFO)
    ETH_FlushTransmitFIFO                    0x08000365   Thumb Code    46  stm32f7xx_hal_eth.o(i.ETH_FlushTransmitFIFO)
    i.ETH_MACDMAConfig                       0x08000394   Section        0  stm32f7xx_hal_eth.o(i.ETH_MACDMAConfig)
    ETH_MACDMAConfig                         0x08000395   Thumb Code   268  stm32f7xx_hal_eth.o(i.ETH_MACDMAConfig)
    i.EXTI15_10_IRQHandler                   0x080004b8   Section        0  stm32f7xx_it.o(i.EXTI15_10_IRQHandler)
    i.HAL_Delay                              0x080004c0   Section        0  stm32f7xx_hal.o(i.HAL_Delay)
    i.HAL_ETH_ConfigMAC                      0x080004e4   Section        0  stm32f7xx_hal_eth.o(i.HAL_ETH_ConfigMAC)
    i.HAL_ETH_DMARxDescListInit              0x08000628   Section        0  stm32f7xx_hal_eth.o(i.HAL_ETH_DMARxDescListInit)
    i.HAL_ETH_DMATxDescListInit              0x0800069c   Section        0  stm32f7xx_hal_eth.o(i.HAL_ETH_DMATxDescListInit)
    i.HAL_ETH_GetReceivedFrame               0x08000720   Section        0  stm32f7xx_hal_eth.o(i.HAL_ETH_GetReceivedFrame)
    i.HAL_ETH_Init                           0x080007a0   Section        0  stm32f7xx_hal_eth.o(i.HAL_ETH_Init)
    i.HAL_ETH_MspInit                        0x08000990   Section        0  ethernetif.o(i.HAL_ETH_MspInit)
    i.HAL_ETH_ReadPHYRegister                0x08000a54   Section        0  stm32f7xx_hal_eth.o(i.HAL_ETH_ReadPHYRegister)
    i.HAL_ETH_Start                          0x08000ada   Section        0  stm32f7xx_hal_eth.o(i.HAL_ETH_Start)
    i.HAL_ETH_Stop                           0x08000b5e   Section        0  stm32f7xx_hal_eth.o(i.HAL_ETH_Stop)
    i.HAL_ETH_TransmitFrame                  0x08000be2   Section        0  stm32f7xx_hal_eth.o(i.HAL_ETH_TransmitFrame)
    i.HAL_ETH_WritePHYRegister               0x08000cf4   Section        0  stm32f7xx_hal_eth.o(i.HAL_ETH_WritePHYRegister)
    i.HAL_GPIO_EXTI_Callback                 0x08000d6e   Section        0  main.o(i.HAL_GPIO_EXTI_Callback)
    i.HAL_GPIO_EXTI_IRQHandler               0x08000d7c   Section        0  stm32f7xx_hal_gpio.o(i.HAL_GPIO_EXTI_IRQHandler)
    i.HAL_GPIO_Init                          0x08000d94   Section        0  stm32f7xx_hal_gpio.o(i.HAL_GPIO_Init)
    i.HAL_GetTick                            0x08000f6c   Section        0  stm32f7xx_hal.o(i.HAL_GetTick)
    i.HAL_IncTick                            0x08000f78   Section        0  stm32f7xx_hal.o(i.HAL_IncTick)
    i.HAL_Init                               0x08000f88   Section        0  stm32f7xx_hal.o(i.HAL_Init)
    i.HAL_InitTick                           0x08000fa0   Section        0  stm32f7xx_hal.o(i.HAL_InitTick)
    i.HAL_MspInit                            0x08000fe0   Section        0  stm32f7xx_hal_msp.o(i.HAL_MspInit)
    i.HAL_NVIC_EnableIRQ                     0x08001010   Section        0  stm32f7xx_hal_cortex.o(i.HAL_NVIC_EnableIRQ)
    i.HAL_NVIC_SetPriority                   0x0800102c   Section        0  stm32f7xx_hal_cortex.o(i.HAL_NVIC_SetPriority)
    i.HAL_NVIC_SetPriorityGrouping           0x0800106c   Section        0  stm32f7xx_hal_cortex.o(i.HAL_NVIC_SetPriorityGrouping)
    i.HAL_PWREx_EnableOverDrive              0x08001090   Section        0  stm32f7xx_hal_pwr_ex.o(i.HAL_PWREx_EnableOverDrive)
    i.HAL_RCC_ClockConfig                    0x080010fc   Section        0  stm32f7xx_hal_rcc.o(i.HAL_RCC_ClockConfig)
    i.HAL_RCC_GetHCLKFreq                    0x08001228   Section        0  stm32f7xx_hal_rcc.o(i.HAL_RCC_GetHCLKFreq)
    i.HAL_RCC_GetSysClockFreq                0x08001234   Section        0  stm32f7xx_hal_rcc.o(i.HAL_RCC_GetSysClockFreq)
    i.HAL_RCC_OscConfig                      0x08001298   Section        0  stm32f7xx_hal_rcc.o(i.HAL_RCC_OscConfig)
    i.HAL_SYSTICK_Config                     0x080015d0   Section        0  stm32f7xx_hal_cortex.o(i.HAL_SYSTICK_Config)
    i.HardFault_Handler                      0x080015f6   Section        0  stm32f7xx_it.o(i.HardFault_Handler)
    i.MX_GPIO_Init                           0x080015f8   Section        0  main.o(i.MX_GPIO_Init)
    MX_GPIO_Init                             0x080015f9   Thumb Code   124  main.o(i.MX_GPIO_Init)
    i.MX_LWIP_Init                           0x08001680   Section        0  lwip.o(i.MX_LWIP_Init)
    i.MemManage_Handler                      0x0800178c   Section        0  stm32f7xx_it.o(i.MemManage_Handler)
    i.NMI_Handler                            0x0800178e   Section        0  stm32f7xx_it.o(i.NMI_Handler)
    i.PendSV_Handler                         0x08001790   Section        0  stm32f7xx_it.o(i.PendSV_Handler)
    i.SVC_Handler                            0x08001792   Section        0  stm32f7xx_it.o(i.SVC_Handler)
    i.SysTick_Handler                        0x08001794   Section        0  stm32f7xx_it.o(i.SysTick_Handler)
    i.SystemClock_Config                     0x08001798   Section        0  main.o(i.SystemClock_Config)
    i.SystemInit                             0x08001820   Section        0  system_stm32f7xx.o(i.SystemInit)
    i.UsageFault_Handler                     0x08001874   Section        0  stm32f7xx_it.o(i.UsageFault_Handler)
    i.__0printf$3                            0x08001878   Section        0  printf3.o(i.__0printf$3)
    i.__0sprintf$3                           0x08001898   Section        0  printf3.o(i.__0sprintf$3)
    i.__NVIC_SetPriority                     0x080018c0   Section        0  stm32f7xx_hal_cortex.o(i.__NVIC_SetPriority)
    __NVIC_SetPriority                       0x080018c1   Thumb Code    34  stm32f7xx_hal_cortex.o(i.__NVIC_SetPriority)
    i.__scatterload_copy                     0x080018e2   Section       14  handlers.o(i.__scatterload_copy)
    i.__scatterload_null                     0x080018f0   Section        2  handlers.o(i.__scatterload_null)
    i.__scatterload_zeroinit                 0x080018f2   Section       14  handlers.o(i.__scatterload_zeroinit)
    i._printf_core                           0x08001900   Section        0  printf3.o(i._printf_core)
    _printf_core                             0x08001901   Thumb Code   436  printf3.o(i._printf_core)
    i._sputc                                 0x08001ab8   Section        0  printf3.o(i._sputc)
    _sputc                                   0x08001ab9   Thumb Code    10  printf3.o(i._sputc)
    i.cyclic_timer                           0x08001ac4   Section        0  timeouts.o(i.cyclic_timer)
    cyclic_timer                             0x08001ac5   Thumb Code    22  timeouts.o(i.cyclic_timer)
    i.do_memp_free_pool                      0x08001ae0   Section        0  memp.o(i.do_memp_free_pool)
    do_memp_free_pool                        0x08001ae1   Thumb Code    36  memp.o(i.do_memp_free_pool)
    i.do_memp_malloc_pool                    0x08001b7c   Section        0  memp.o(i.do_memp_malloc_pool)
    do_memp_malloc_pool                      0x08001b7d   Thumb Code    40  memp.o(i.do_memp_malloc_pool)
    i.etharp_cleanup_netif                   0x08001c20   Section        0  etharp.o(i.etharp_cleanup_netif)
    i.etharp_find_entry                      0x08001c50   Section        0  etharp.o(i.etharp_find_entry)
    etharp_find_entry                        0x08001c51   Thumb Code   346  etharp.o(i.etharp_find_entry)
    i.etharp_free_entry                      0x08001ea8   Section        0  etharp.o(i.etharp_free_entry)
    etharp_free_entry                        0x08001ea9   Thumb Code    32  etharp.o(i.etharp_free_entry)
    i.etharp_input                           0x08001ecc   Section        0  etharp.o(i.etharp_input)
    i.etharp_output                          0x08001fd0   Section        0  etharp.o(i.etharp_output)
    i.etharp_output_to_arp_index             0x08002178   Section        0  etharp.o(i.etharp_output_to_arp_index)
    etharp_output_to_arp_index               0x08002179   Thumb Code   122  etharp.o(i.etharp_output_to_arp_index)
    i.etharp_query                           0x08002288   Section        0  etharp.o(i.etharp_query)
    i.etharp_raw                             0x08002460   Section        0  etharp.o(i.etharp_raw)
    etharp_raw                               0x08002461   Thumb Code   200  etharp.o(i.etharp_raw)
    i.etharp_request                         0x080025d0   Section        0  etharp.o(i.etharp_request)
    i.etharp_request_dst                     0x080025dc   Section        0  etharp.o(i.etharp_request_dst)
    etharp_request_dst                       0x080025dd   Thumb Code    28  etharp.o(i.etharp_request_dst)
    i.etharp_tmr                             0x080025fc   Section        0  etharp.o(i.etharp_tmr)
    i.etharp_update_arp_entry                0x0800265c   Section        0  etharp.o(i.etharp_update_arp_entry)
    etharp_update_arp_entry                  0x0800265d   Thumb Code   146  etharp.o(i.etharp_update_arp_entry)
    i.ethernet_input                         0x08002778   Section        0  ethernet.o(i.ethernet_input)
    i.ethernet_output                        0x08002818   Section        0  ethernet.o(i.ethernet_output)
    i.ethernetif_init                        0x08002910   Section        0  ethernetif.o(i.ethernetif_init)
    i.ethernetif_input                       0x08002998   Section        0  ethernetif.o(i.ethernetif_input)
    i.ethernetif_notify_conn_changed         0x080029ba   Section        0  ethernetif.o(i.ethernetif_notify_conn_changed)
    i.ethernetif_update_config               0x080029bc   Section        0  ethernetif.o(i.ethernetif_update_config)
    i.fputc                                  0x08002a6c   Section        0  fputc.o(i.fputc)
    i.ip4_addr_isbroadcast_u32               0x08002a7e   Section        0  ip4_addr.o(i.ip4_addr_isbroadcast_u32)
    i.ip4_frag                               0x08002aac   Section        0  ip4_frag.o(i.ip4_frag)
    i.ip4_input                              0x08002d00   Section        0  ip4.o(i.ip4_input)
    i.ip4_output_if_src                      0x08002e58   Section        0  ip4.o(i.ip4_output_if_src)
    i.ip4_reass                              0x08002fc8   Section        0  ip4_frag.o(i.ip4_reass)
    i.ip4_route                              0x0800317c   Section        0  ip4.o(i.ip4_route)
    i.ip_frag_free_pbuf_custom_ref           0x080031d8   Section        0  ip4_frag.o(i.ip_frag_free_pbuf_custom_ref)
    ip_frag_free_pbuf_custom_ref             0x080031d9   Thumb Code    32  ip4_frag.o(i.ip_frag_free_pbuf_custom_ref)
    i.ip_reass_chain_frag_into_datagram_and_validate 0x08003268   Section        0  ip4_frag.o(i.ip_reass_chain_frag_into_datagram_and_validate)
    ip_reass_chain_frag_into_datagram_and_validate 0x08003269   Thumb Code   364  ip4_frag.o(i.ip_reass_chain_frag_into_datagram_and_validate)
    i.ip_reass_dequeue_datagram              0x080034c8   Section        0  ip4_frag.o(i.ip_reass_dequeue_datagram)
    ip_reass_dequeue_datagram                0x080034c9   Thumb Code    54  ip4_frag.o(i.ip_reass_dequeue_datagram)
    i.ip_reass_free_complete_datagram        0x08003584   Section        0  ip4_frag.o(i.ip_reass_free_complete_datagram)
    ip_reass_free_complete_datagram          0x08003585   Thumb Code   140  ip4_frag.o(i.ip_reass_free_complete_datagram)
    i.ip_reass_remove_oldest_datagram        0x080036d4   Section        0  ip4_frag.o(i.ip_reass_remove_oldest_datagram)
    ip_reass_remove_oldest_datagram          0x080036d5   Thumb Code   122  ip4_frag.o(i.ip_reass_remove_oldest_datagram)
    i.ip_reass_tmr                           0x08003754   Section        0  ip4_frag.o(i.ip_reass_tmr)
    i.ipfrag_free_pbuf_custom                0x08003780   Section        0  ip4_frag.o(i.ipfrag_free_pbuf_custom)
    ipfrag_free_pbuf_custom                  0x08003781   Thumb Code    38  ip4_frag.o(i.ipfrag_free_pbuf_custom)
    i.low_level_init                         0x08003818   Section        0  ethernetif.o(i.low_level_init)
    low_level_init                           0x08003819   Thumb Code   224  ethernetif.o(i.low_level_init)
    i.low_level_input                        0x08003908   Section        0  ethernetif.o(i.low_level_input)
    low_level_input                          0x08003909   Thumb Code   190  ethernetif.o(i.low_level_input)
    i.low_level_output                       0x080039cc   Section        0  ethernetif.o(i.low_level_output)
    low_level_output                         0x080039cd   Thumb Code   170  ethernetif.o(i.low_level_output)
    i.lwip_htons                             0x08003a7c   Section        0  def.o(i.lwip_htons)
    i.lwip_init                              0x08003a80   Section        0  init.o(i.lwip_init)
    i.main                                   0x08003a9c   Section        0  main.o(i.main)
    i.mem_free                               0x08003ac0   Section        0  mem.o(i.mem_free)
    i.mem_init                               0x08003bdc   Section        0  mem.o(i.mem_init)
    i.mem_malloc                             0x08003c10   Section        0  mem.o(i.mem_malloc)
    i.mem_trim                               0x08003e0c   Section        0  mem.o(i.mem_trim)
    i.memp_free                              0x08003f98   Section        0  memp.o(i.memp_free)
    i.memp_init                              0x08004034   Section        0  memp.o(i.memp_init)
    i.memp_init_pool                         0x08004054   Section        0  memp.o(i.memp_init_pool)
    i.memp_malloc                            0x08004080   Section        0  memp.o(i.memp_malloc)
    i.netif_add                              0x08004124   Section        0  netif.o(i.netif_add)
    i.netif_init                             0x08004208   Section        0  netif.o(i.netif_init)
    i.netif_issue_reports                    0x0800420a   Section        0  netif.o(i.netif_issue_reports)
    netif_issue_reports                      0x0800420b   Thumb Code    26  netif.o(i.netif_issue_reports)
    i.netif_set_addr                         0x08004224   Section        0  netif.o(i.netif_set_addr)
    i.netif_set_default                      0x0800426c   Section        0  netif.o(i.netif_set_default)
    i.netif_set_down                         0x08004278   Section        0  netif.o(i.netif_set_down)
    i.netif_set_gw                           0x08004292   Section        0  netif.o(i.netif_set_gw)
    i.netif_set_ipaddr                       0x0800429c   Section        0  netif.o(i.netif_set_ipaddr)
    i.netif_set_link_callback                0x080042d4   Section        0  netif.o(i.netif_set_link_callback)
    i.netif_set_netmask                      0x080042dc   Section        0  netif.o(i.netif_set_netmask)
    i.netif_set_up                           0x080042e4   Section        0  netif.o(i.netif_set_up)
    i.pbuf_alloc                             0x08004300   Section        0  pbuf.o(i.pbuf_alloc)
    i.pbuf_alloced_custom                    0x08004664   Section        0  pbuf.o(i.pbuf_alloced_custom)
    i.pbuf_cat                               0x08004744   Section        0  pbuf.o(i.pbuf_cat)
    i.pbuf_chain                             0x08004874   Section        0  pbuf.o(i.pbuf_chain)
    i.pbuf_clen                              0x08004886   Section        0  pbuf.o(i.pbuf_clen)
    i.pbuf_copy                              0x08004898   Section        0  pbuf.o(i.pbuf_copy)
    i.pbuf_free                              0x08004a84   Section        0  pbuf.o(i.pbuf_free)
    i.pbuf_header                            0x08004bec   Section        0  pbuf.o(i.pbuf_header)
    i.pbuf_header_impl                       0x08004bf4   Section        0  pbuf.o(i.pbuf_header_impl)
    pbuf_header_impl                         0x08004bf5   Thumb Code   144  pbuf.o(i.pbuf_header_impl)
    i.pbuf_realloc                           0x08004d18   Section        0  pbuf.o(i.pbuf_realloc)
    i.pbuf_ref                               0x08004eb0   Section        0  pbuf.o(i.pbuf_ref)
    i.pbuf_take                              0x08004f3c   Section        0  pbuf.o(i.pbuf_take)
    i.plug_holes                             0x080050bc   Section        0  mem.o(i.plug_holes)
    plug_holes                               0x080050bd   Thumb Code   162  mem.o(i.plug_holes)
    i.sys_check_timeouts                     0x08005238   Section        0  timeouts.o(i.sys_check_timeouts)
    i.sys_now                                0x08005280   Section        0  ethernetif.o(i.sys_now)
    i.sys_timeout                            0x08005284   Section        0  timeouts.o(i.sys_timeout)
    i.sys_timeouts_init                      0x080053c0   Section        0  timeouts.o(i.sys_timeouts_init)
    i.udp_bind                               0x080053f4   Section        0  udp.o(i.udp_bind)
    i.udp_connect                            0x080054ac   Section        0  udp.o(i.udp_connect)
    i.udp_echoclient_connect                 0x080054fc   Section        0  udp_echoclient.o(i.udp_echoclient_connect)
    i.udp_echoclient_send                    0x08005534   Section        0  udp_echoclient.o(i.udp_echoclient_send)
    i.udp_init                               0x080055a4   Section        0  udp.o(i.udp_init)
    i.udp_input                              0x080055a8   Section        0  udp.o(i.udp_input)
    i.udp_netif_ip_addr_changed              0x0800571c   Section        0  udp.o(i.udp_netif_ip_addr_changed)
    i.udp_new                                0x08005750   Section        0  udp.o(i.udp_new)
    i.udp_receive_callback                   0x0800576c   Section        0  udp_echoclient.o(i.udp_receive_callback)
    i.udp_recv                               0x08005780   Section        0  udp.o(i.udp_recv)
    i.udp_send                               0x08005786   Section        0  udp.o(i.udp_send)
    i.udp_sendto                             0x08005796   Section        0  udp.o(i.udp_sendto)
    i.udp_sendto_if                          0x080057c8   Section        0  udp.o(i.udp_sendto_if)
    i.udp_sendto_if_src                      0x08005800   Section        0  udp.o(i.udp_sendto_if_src)
    .constdata                               0x08005944   Section       16  system_stm32f7xx.o(.constdata)
    .constdata                               0x08005954   Section        6  ethernet.o(.constdata)
    .constdata                               0x0800595a   Section        6  ethernet.o(.constdata)
    .constdata                               0x08005960   Section       12  memp.o(.constdata)
    .constdata                               0x0800596c   Section       12  memp.o(.constdata)
    .constdata                               0x08005978   Section       12  memp.o(.constdata)
    .constdata                               0x08005984   Section       12  memp.o(.constdata)
    .constdata                               0x08005990   Section       12  memp.o(.constdata)
    .constdata                               0x0800599c   Section       12  memp.o(.constdata)
    .constdata                               0x080059a8   Section       24  memp.o(.constdata)
    .constdata                               0x080059c0   Section       16  timeouts.o(.constdata)
    .constdata                               0x080059d0   Section        4  ip4_addr.o(.constdata)
    .conststring                             0x080059d4   Section       65  etharp.o(.conststring)
    .data                                    0x20010000   Section        8  udp_echoclient.o(.data)
    .data                                    0x20010008   Section       24  lwip.o(.data)
    .data                                    0x20010020   Section       12  stm32f7xx_hal.o(.data)
    .data                                    0x2001002c   Section        4  system_stm32f7xx.o(.data)
    .data                                    0x20010030   Section       12  mem.o(.data)
    ram                                      0x20010030   Data           4  mem.o(.data)
    ram_end                                  0x20010034   Data           4  mem.o(.data)
    lfree                                    0x20010038   Data           4  mem.o(.data)
    .data                                    0x2001003c   Section        4  memp.o(.data)
    memp_tab_UDP_PCB                         0x2001003c   Data           4  memp.o(.data)
    .data                                    0x20010040   Section        4  memp.o(.data)
    memp_tab_REASSDATA                       0x20010040   Data           4  memp.o(.data)
    .data                                    0x20010044   Section        4  memp.o(.data)
    memp_tab_FRAG_PBUF                       0x20010044   Data           4  memp.o(.data)
    .data                                    0x20010048   Section        4  memp.o(.data)
    memp_tab_SYS_TIMEOUT                     0x20010048   Data           4  memp.o(.data)
    .data                                    0x2001004c   Section        4  memp.o(.data)
    memp_tab_PBUF                            0x2001004c   Data           4  memp.o(.data)
    .data                                    0x20010050   Section        4  memp.o(.data)
    memp_tab_PBUF_POOL                       0x20010050   Data           4  memp.o(.data)
    .data                                    0x20010054   Section       12  netif.o(.data)
    netif_num                                0x20010054   Data           1  netif.o(.data)
    .data                                    0x20010060   Section        8  timeouts.o(.data)
    next_timeout                             0x20010060   Data           4  timeouts.o(.data)
    timeouts_last_time                       0x20010064   Data           4  timeouts.o(.data)
    .data                                    0x20010068   Section        8  udp.o(.data)
    udp_port                                 0x20010068   Data           2  udp.o(.data)
    .data                                    0x20010070   Section        1  etharp.o(.data)
    etharp_cached_entry                      0x20010070   Data           1  etharp.o(.data)
    .data                                    0x20010072   Section        2  ip4.o(.data)
    ip_id                                    0x20010072   Data           2  ip4.o(.data)
    .data                                    0x20010074   Section        8  ip4_frag.o(.data)
    ip_reass_pbufcount                       0x20010074   Data           2  ip4_frag.o(.data)
    reassdatagrams                           0x20010078   Data           4  ip4_frag.o(.data)
    .data                                    0x2001007c   Section        4  stdout.o(.data)
    .bss                                     0x20010080   Section      100  udp_echoclient.o(.bss)
    .bss                                     0x200100e4   Section       52  lwip.o(.bss)
    .bss                                     0x20010118   Section    12520  ethernetif.o(.bss)
    .bss                                     0x20013200   Section       24  ip.o(.bss)
    .bss                                     0x20013218   Section     1619  mem.o(.bss)
    .bss                                     0x2001386b   Section      131  memp.o(.bss)
    .bss                                     0x200138ee   Section      163  memp.o(.bss)
    .bss                                     0x20013991   Section      363  memp.o(.bss)
    .bss                                     0x20013afc   Section       35  memp.o(.bss)
    .bss                                     0x20013b1f   Section      259  memp.o(.bss)
    .bss                                     0x20013c22   Section     9731  memp.o(.bss)
    .bss                                     0x20016228   Section      240  etharp.o(.bss)
    arp_table                                0x20016228   Data         240  etharp.o(.bss)
    STACK                                    0x20016318   Section     5120  startup_stm32f746xx.o(STACK)

    Global Symbols

    Symbol Name                              Value     Ov Type        Size  Object(Section)

    BuildAttributes$$THM_ISAv4$E$P$D$K$B$S$7EM$VFPi5$EXTD16$VFPS$VFMA$PE$PLD8$A:L22UL41UL21$X:L11$S22US41US21$IEEE1$IW$USESV6$~STKCKD$USESV7$~SHL$OSPACE$ROPI$EBA8$MICROLIB$REQ8$PRES8$EABIv2 0x00000000   Number         0  anon$$obj.o ABSOLUTE
    __ARM_use_no_argv                        0x00000000   Number         0  main.o ABSOLUTE
    _printf_a                                0x00000000   Number         0  stubs.o ABSOLUTE
    _printf_c                                0x00000000   Number         0  stubs.o ABSOLUTE
    _printf_charcount                        0x00000000   Number         0  stubs.o ABSOLUTE
    _printf_d                                0x00000000   Number         0  stubs.o ABSOLUTE
    _printf_e                                0x00000000   Number         0  stubs.o ABSOLUTE
    _printf_f                                0x00000000   Number         0  stubs.o ABSOLUTE
    _printf_flags                            0x00000000   Number         0  stubs.o ABSOLUTE
    _printf_fp_dec                           0x00000000   Number         0  stubs.o ABSOLUTE
    _printf_fp_hex                           0x00000000   Number         0  stubs.o ABSOLUTE
    _printf_g                                0x00000000   Number         0  stubs.o ABSOLUTE
    _printf_i                                0x00000000   Number         0  stubs.o ABSOLUTE
    _printf_int_dec                          0x00000000   Number         0  stubs.o ABSOLUTE
    _printf_l                                0x00000000   Number         0  stubs.o ABSOLUTE
    _printf_lc                               0x00000000   Number         0  stubs.o ABSOLUTE
    _printf_ll                               0x00000000   Number         0  stubs.o ABSOLUTE
    _printf_lld                              0x00000000   Number         0  stubs.o ABSOLUTE
    _printf_lli                              0x00000000   Number         0  stubs.o ABSOLUTE
    _printf_llo                              0x00000000   Number         0  stubs.o ABSOLUTE
    _printf_llu                              0x00000000   Number         0  stubs.o ABSOLUTE
    _printf_llx                              0x00000000   Number         0  stubs.o ABSOLUTE
    _printf_longlong_dec                     0x00000000   Number         0  stubs.o ABSOLUTE
    _printf_longlong_hex                     0x00000000   Number         0  stubs.o ABSOLUTE
    _printf_longlong_oct                     0x00000000   Number         0  stubs.o ABSOLUTE
    _printf_ls                               0x00000000   Number         0  stubs.o ABSOLUTE
    _printf_mbtowc                           0x00000000   Number         0  stubs.o ABSOLUTE
    _printf_n                                0x00000000   Number         0  stubs.o ABSOLUTE
    _printf_o                                0x00000000   Number         0  stubs.o ABSOLUTE
    _printf_p                                0x00000000   Number         0  stubs.o ABSOLUTE
    _printf_percent                          0x00000000   Number         0  stubs.o ABSOLUTE
    _printf_pre_padding                      0x00000000   Number         0  stubs.o ABSOLUTE
    _printf_return_value                     0x00000000   Number         0  stubs.o ABSOLUTE
    _printf_s                                0x00000000   Number         0  stubs.o ABSOLUTE
    _printf_sizespec                         0x00000000   Number         0  stubs.o ABSOLUTE
    _printf_str                              0x00000000   Number         0  stubs.o ABSOLUTE
    _printf_truncate_signed                  0x00000000   Number         0  stubs.o ABSOLUTE
    _printf_truncate_unsigned                0x00000000   Number         0  stubs.o ABSOLUTE
    _printf_u                                0x00000000   Number         0  stubs.o ABSOLUTE
    _printf_wc                               0x00000000   Number         0  stubs.o ABSOLUTE
    _printf_wctomb                           0x00000000   Number         0  stubs.o ABSOLUTE
    _printf_widthprec                        0x00000000   Number         0  stubs.o ABSOLUTE
    _printf_x                                0x00000000   Number         0  stubs.o ABSOLUTE
    __cpp_initialize__aeabi_                  - Undefined Weak Reference
    __cxa_finalize                            - Undefined Weak Reference
    __decompress                              - Undefined Weak Reference
    _clock_init                               - Undefined Weak Reference
    _microlib_exit                            - Undefined Weak Reference
    __Vectors_Size                           0x000001c8   Number         0  startup_stm32f746xx.o ABSOLUTE
    __Vectors                                0x08000000   Data           4  startup_stm32f746xx.o(RESET)
    __Vectors_End                            0x080001c8   Data           0  startup_stm32f746xx.o(RESET)
    __main                                   0x080001c9   Thumb Code     0  entry.o(.ARM.Collect$$$$00000000)
    _main_stk                                0x080001c9   Thumb Code     0  entry2.o(.ARM.Collect$$$$00000001)
    _main_scatterload                        0x080001cd   Thumb Code     0  entry5.o(.ARM.Collect$$$$00000004)
    __main_after_scatterload                 0x080001d1   Thumb Code     0  entry5.o(.ARM.Collect$$$$00000004)
    _main_clock                              0x080001d1   Thumb Code     0  entry7b.o(.ARM.Collect$$$$00000008)
    _main_cpp_init                           0x080001d1   Thumb Code     0  entry8b.o(.ARM.Collect$$$$0000000A)
    _main_init                               0x080001d1   Thumb Code     0  entry9a.o(.ARM.Collect$$$$0000000B)
    __rt_final_cpp                           0x080001d9   Thumb Code     0  entry10a.o(.ARM.Collect$$$$0000000D)
    __rt_final_exit                          0x080001d9   Thumb Code     0  entry11a.o(.ARM.Collect$$$$0000000F)
    Reset_Handler                            0x080001dd   Thumb Code     8  startup_stm32f746xx.o(.text)
    ADC_IRQHandler                           0x080001f7   Thumb Code     0  startup_stm32f746xx.o(.text)
    CAN1_RX0_IRQHandler                      0x080001f7   Thumb Code     0  startup_stm32f746xx.o(.text)
    CAN1_RX1_IRQHandler                      0x080001f7   Thumb Code     0  startup_stm32f746xx.o(.text)
    CAN1_SCE_IRQHandler                      0x080001f7   Thumb Code     0  startup_stm32f746xx.o(.text)
    CAN1_TX_IRQHandler                       0x080001f7   Thumb Code     0  startup_stm32f746xx.o(.text)
    CAN2_RX0_IRQHandler                      0x080001f7   Thumb Code     0  startup_stm32f746xx.o(.text)
    CAN2_RX1_IRQHandler                      0x080001f7   Thumb Code     0  startup_stm32f746xx.o(.text)
    CAN2_SCE_IRQHandler                      0x080001f7   Thumb Code     0  startup_stm32f746xx.o(.text)
    CAN2_TX_IRQHandler                       0x080001f7   Thumb Code     0  startup_stm32f746xx.o(.text)
    CEC_IRQHandler                           0x080001f7   Thumb Code     0  startup_stm32f746xx.o(.text)
    DCMI_IRQHandler                          0x080001f7   Thumb Code     0  startup_stm32f746xx.o(.text)
    DMA1_Stream0_IRQHandler                  0x080001f7   Thumb Code     0  startup_stm32f746xx.o(.text)
    DMA1_Stream1_IRQHandler                  0x080001f7   Thumb Code     0  startup_stm32f746xx.o(.text)
    DMA1_Stream2_IRQHandler                  0x080001f7   Thumb Code     0  startup_stm32f746xx.o(.text)
    DMA1_Stream3_IRQHandler                  0x080001f7   Thumb Code     0  startup_stm32f746xx.o(.text)
    DMA1_Stream4_IRQHandler                  0x080001f7   Thumb Code     0  startup_stm32f746xx.o(.text)
    DMA1_Stream5_IRQHandler                  0x080001f7   Thumb Code     0  startup_stm32f746xx.o(.text)
    DMA1_Stream6_IRQHandler                  0x080001f7   Thumb Code     0  startup_stm32f746xx.o(.text)
    DMA1_Stream7_IRQHandler                  0x080001f7   Thumb Code     0  startup_stm32f746xx.o(.text)
    DMA2D_IRQHandler                         0x080001f7   Thumb Code     0  startup_stm32f746xx.o(.text)
    DMA2_Stream0_IRQHandler                  0x080001f7   Thumb Code     0  startup_stm32f746xx.o(.text)
    DMA2_Stream1_IRQHandler                  0x080001f7   Thumb Code     0  startup_stm32f746xx.o(.text)
    DMA2_Stream2_IRQHandler                  0x080001f7   Thumb Code     0  startup_stm32f746xx.o(.text)
    DMA2_Stream3_IRQHandler                  0x080001f7   Thumb Code     0  startup_stm32f746xx.o(.text)
    DMA2_Stream4_IRQHandler                  0x080001f7   Thumb Code     0  startup_stm32f746xx.o(.text)
    DMA2_Stream5_IRQHandler                  0x080001f7   Thumb Code     0  startup_stm32f746xx.o(.text)
    DMA2_Stream6_IRQHandler                  0x080001f7   Thumb Code     0  startup_stm32f746xx.o(.text)
    DMA2_Stream7_IRQHandler                  0x080001f7   Thumb Code     0  startup_stm32f746xx.o(.text)
    ETH_IRQHandler                           0x080001f7   Thumb Code     0  startup_stm32f746xx.o(.text)
    ETH_WKUP_IRQHandler                      0x080001f7   Thumb Code     0  startup_stm32f746xx.o(.text)
    EXTI0_IRQHandler                         0x080001f7   Thumb Code     0  startup_stm32f746xx.o(.text)
    EXTI1_IRQHandler                         0x080001f7   Thumb Code     0  startup_stm32f746xx.o(.text)
    EXTI2_IRQHandler                         0x080001f7   Thumb Code     0  startup_stm32f746xx.o(.text)
    EXTI3_IRQHandler                         0x080001f7   Thumb Code     0  startup_stm32f746xx.o(.text)
    EXTI4_IRQHandler                         0x080001f7   Thumb Code     0  startup_stm32f746xx.o(.text)
    EXTI9_5_IRQHandler                       0x080001f7   Thumb Code     0  startup_stm32f746xx.o(.text)
    FLASH_IRQHandler                         0x080001f7   Thumb Code     0  startup_stm32f746xx.o(.text)
    FMC_IRQHandler                           0x080001f7   Thumb Code     0  startup_stm32f746xx.o(.text)
    FPU_IRQHandler                           0x080001f7   Thumb Code     0  startup_stm32f746xx.o(.text)
    I2C1_ER_IRQHandler                       0x080001f7   Thumb Code     0  startup_stm32f746xx.o(.text)
    I2C1_EV_IRQHandler                       0x080001f7   Thumb Code     0  startup_stm32f746xx.o(.text)
    I2C2_ER_IRQHandler                       0x080001f7   Thumb Code     0  startup_stm32f746xx.o(.text)
    I2C2_EV_IRQHandler                       0x080001f7   Thumb Code     0  startup_stm32f746xx.o(.text)
    I2C3_ER_IRQHandler                       0x080001f7   Thumb Code     0  startup_stm32f746xx.o(.text)
    I2C3_EV_IRQHandler                       0x080001f7   Thumb Code     0  startup_stm32f746xx.o(.text)
    I2C4_ER_IRQHandler                       0x080001f7   Thumb Code     0  startup_stm32f746xx.o(.text)
    I2C4_EV_IRQHandler                       0x080001f7   Thumb Code     0  startup_stm32f746xx.o(.text)
    LPTIM1_IRQHandler                        0x080001f7   Thumb Code     0  startup_stm32f746xx.o(.text)
    LTDC_ER_IRQHandler                       0x080001f7   Thumb Code     0  startup_stm32f746xx.o(.text)
    LTDC_IRQHandler                          0x080001f7   Thumb Code     0  startup_stm32f746xx.o(.text)
    OTG_FS_IRQHandler                        0x080001f7   Thumb Code     0  startup_stm32f746xx.o(.text)
    OTG_FS_WKUP_IRQHandler                   0x080001f7   Thumb Code     0  startup_stm32f746xx.o(.text)
    OTG_HS_EP1_IN_IRQHandler                 0x080001f7   Thumb Code     0  startup_stm32f746xx.o(.text)
    OTG_HS_EP1_OUT_IRQHandler                0x080001f7   Thumb Code     0  startup_stm32f746xx.o(.text)
    OTG_HS_IRQHandler                        0x080001f7   Thumb Code     0  startup_stm32f746xx.o(.text)
    OTG_HS_WKUP_IRQHandler                   0x080001f7   Thumb Code     0  startup_stm32f746xx.o(.text)
    PVD_IRQHandler                           0x080001f7   Thumb Code     0  startup_stm32f746xx.o(.text)
    QUADSPI_IRQHandler                       0x080001f7   Thumb Code     0  startup_stm32f746xx.o(.text)
    RCC_IRQHandler                           0x080001f7   Thumb Code     0  startup_stm32f746xx.o(.text)
    RNG_IRQHandler                           0x080001f7   Thumb Code     0  startup_stm32f746xx.o(.text)
    RTC_Alarm_IRQHandler                     0x080001f7   Thumb Code     0  startup_stm32f746xx.o(.text)
    RTC_WKUP_IRQHandler                      0x080001f7   Thumb Code     0  startup_stm32f746xx.o(.text)
    SAI1_IRQHandler                          0x080001f7   Thumb Code     0  startup_stm32f746xx.o(.text)
    SAI2_IRQHandler                          0x080001f7   Thumb Code     0  startup_stm32f746xx.o(.text)
    SDMMC1_IRQHandler                        0x080001f7   Thumb Code     0  startup_stm32f746xx.o(.text)
    SPDIF_RX_IRQHandler                      0x080001f7   Thumb Code     0  startup_stm32f746xx.o(.text)
    SPI1_IRQHandler                          0x080001f7   Thumb Code     0  startup_stm32f746xx.o(.text)
    SPI2_IRQHandler                          0x080001f7   Thumb Code     0  startup_stm32f746xx.o(.text)
    SPI3_IRQHandler                          0x080001f7   Thumb Code     0  startup_stm32f746xx.o(.text)
    SPI4_IRQHandler                          0x080001f7   Thumb Code     0  startup_stm32f746xx.o(.text)
    SPI5_IRQHandler                          0x080001f7   Thumb Code     0  startup_stm32f746xx.o(.text)
    SPI6_IRQHandler                          0x080001f7   Thumb Code     0  startup_stm32f746xx.o(.text)
    TAMP_STAMP_IRQHandler                    0x080001f7   Thumb Code     0  startup_stm32f746xx.o(.text)
    TIM1_BRK_TIM9_IRQHandler                 0x080001f7   Thumb Code     0  startup_stm32f746xx.o(.text)
    TIM1_CC_IRQHandler                       0x080001f7   Thumb Code     0  startup_stm32f746xx.o(.text)
    TIM1_TRG_COM_TIM11_IRQHandler            0x080001f7   Thumb Code     0  startup_stm32f746xx.o(.text)
    TIM1_UP_TIM10_IRQHandler                 0x080001f7   Thumb Code     0  startup_stm32f746xx.o(.text)
    TIM2_IRQHandler                          0x080001f7   Thumb Code     0  startup_stm32f746xx.o(.text)
    TIM3_IRQHandler                          0x080001f7   Thumb Code     0  startup_stm32f746xx.o(.text)
    TIM4_IRQHandler                          0x080001f7   Thumb Code     0  startup_stm32f746xx.o(.text)
    TIM5_IRQHandler                          0x080001f7   Thumb Code     0  startup_stm32f746xx.o(.text)
    TIM6_DAC_IRQHandler                      0x080001f7   Thumb Code     0  startup_stm32f746xx.o(.text)
    TIM7_IRQHandler                          0x080001f7   Thumb Code     0  startup_stm32f746xx.o(.text)
    TIM8_BRK_TIM12_IRQHandler                0x080001f7   Thumb Code     0  startup_stm32f746xx.o(.text)
    TIM8_CC_IRQHandler                       0x080001f7   Thumb Code     0  startup_stm32f746xx.o(.text)
    TIM8_TRG_COM_TIM14_IRQHandler            0x080001f7   Thumb Code     0  startup_stm32f746xx.o(.text)
    TIM8_UP_TIM13_IRQHandler                 0x080001f7   Thumb Code     0  startup_stm32f746xx.o(.text)
    UART4_IRQHandler                         0x080001f7   Thumb Code     0  startup_stm32f746xx.o(.text)
    UART5_IRQHandler                         0x080001f7   Thumb Code     0  startup_stm32f746xx.o(.text)
    UART7_IRQHandler                         0x080001f7   Thumb Code     0  startup_stm32f746xx.o(.text)
    UART8_IRQHandler                         0x080001f7   Thumb Code     0  startup_stm32f746xx.o(.text)
    USART1_IRQHandler                        0x080001f7   Thumb Code     0  startup_stm32f746xx.o(.text)
    USART2_IRQHandler                        0x080001f7   Thumb Code     0  startup_stm32f746xx.o(.text)
    USART3_IRQHandler                        0x080001f7   Thumb Code     0  startup_stm32f746xx.o(.text)
    USART6_IRQHandler                        0x080001f7   Thumb Code     0  startup_stm32f746xx.o(.text)
    WWDG_IRQHandler                          0x080001f7   Thumb Code     0  startup_stm32f746xx.o(.text)
    __aeabi_uldivmod                         0x08000201   Thumb Code    98  uldiv.o(.text)
    __aeabi_memcpy                           0x08000263   Thumb Code    36  memcpya.o(.text)
    __aeabi_memcpy4                          0x08000263   Thumb Code     0  memcpya.o(.text)
    __aeabi_memcpy8                          0x08000263   Thumb Code     0  memcpya.o(.text)
    __aeabi_memset                           0x08000287   Thumb Code    14  memseta.o(.text)
    __aeabi_memset4                          0x08000287   Thumb Code     0  memseta.o(.text)
    __aeabi_memset8                          0x08000287   Thumb Code     0  memseta.o(.text)
    __aeabi_memclr                           0x08000295   Thumb Code     4  memseta.o(.text)
    __aeabi_memclr4                          0x08000295   Thumb Code     0  memseta.o(.text)
    __aeabi_memclr8                          0x08000295   Thumb Code     0  memseta.o(.text)
    _memset$wrapper                          0x08000299   Thumb Code    18  memseta.o(.text)
    strlen                                   0x080002ab   Thumb Code    14  strlen.o(.text)
    memcmp                                   0x080002b9   Thumb Code    26  memcmp.o(.text)
    __aeabi_uidiv                            0x080002d3   Thumb Code     0  uidiv.o(.text)
    __aeabi_uidivmod                         0x080002d3   Thumb Code    44  uidiv.o(.text)
    __aeabi_llsl                             0x080002ff   Thumb Code    30  llshl.o(.text)
    _ll_shift_l                              0x080002ff   Thumb Code     0  llshl.o(.text)
    __aeabi_llsr                             0x0800031d   Thumb Code    32  llushr.o(.text)
    _ll_ushift_r                             0x0800031d   Thumb Code     0  llushr.o(.text)
    __scatterload                            0x0800033d   Thumb Code    28  init.o(.text)
    __scatterload_rt2                        0x0800033d   Thumb Code     0  init.o(.text)
    BusFault_Handler                         0x08000361   Thumb Code     2  stm32f7xx_it.o(i.BusFault_Handler)
    __I$use$semihosting$fputc                0x08000361   Thumb Code     0  iusesemip.o(.text)
    __semihosting_library_function           0x08000361   Thumb Code     0  semi.o(.text)
    DebugMon_Handler                         0x08000363   Thumb Code     2  stm32f7xx_it.o(i.DebugMon_Handler)
    EXTI15_10_IRQHandler                     0x080004b9   Thumb Code     8  stm32f7xx_it.o(i.EXTI15_10_IRQHandler)
    HAL_Delay                                0x080004c1   Thumb Code    32  stm32f7xx_hal.o(i.HAL_Delay)
    HAL_ETH_ConfigMAC                        0x080004e5   Thumb Code   320  stm32f7xx_hal_eth.o(i.HAL_ETH_ConfigMAC)
    HAL_ETH_DMARxDescListInit                0x08000629   Thumb Code   116  stm32f7xx_hal_eth.o(i.HAL_ETH_DMARxDescListInit)
    HAL_ETH_DMATxDescListInit                0x0800069d   Thumb Code   132  stm32f7xx_hal_eth.o(i.HAL_ETH_DMATxDescListInit)
    HAL_ETH_GetReceivedFrame                 0x08000721   Thumb Code   126  stm32f7xx_hal_eth.o(i.HAL_ETH_GetReceivedFrame)
    HAL_ETH_Init                             0x080007a1   Thumb Code   454  stm32f7xx_hal_eth.o(i.HAL_ETH_Init)
    HAL_ETH_MspInit                          0x08000991   Thumb Code   176  ethernetif.o(i.HAL_ETH_MspInit)
    HAL_ETH_ReadPHYRegister                  0x08000a55   Thumb Code   134  stm32f7xx_hal_eth.o(i.HAL_ETH_ReadPHYRegister)
    HAL_ETH_Start                            0x08000adb   Thumb Code   132  stm32f7xx_hal_eth.o(i.HAL_ETH_Start)
    HAL_ETH_Stop                             0x08000b5f   Thumb Code   132  stm32f7xx_hal_eth.o(i.HAL_ETH_Stop)
    HAL_ETH_TransmitFrame                    0x08000be3   Thumb Code   274  stm32f7xx_hal_eth.o(i.HAL_ETH_TransmitFrame)
    HAL_ETH_WritePHYRegister                 0x08000cf5   Thumb Code   122  stm32f7xx_hal_eth.o(i.HAL_ETH_WritePHYRegister)
    HAL_GPIO_EXTI_Callback                   0x08000d6f   Thumb Code    12  main.o(i.HAL_GPIO_EXTI_Callback)
    HAL_GPIO_EXTI_IRQHandler                 0x08000d7d   Thumb Code    18  stm32f7xx_hal_gpio.o(i.HAL_GPIO_EXTI_IRQHandler)
    HAL_GPIO_Init                            0x08000d95   Thumb Code   418  stm32f7xx_hal_gpio.o(i.HAL_GPIO_Init)
    HAL_GetTick                              0x08000f6d   Thumb Code     6  stm32f7xx_hal.o(i.HAL_GetTick)
    HAL_IncTick                              0x08000f79   Thumb Code    12  stm32f7xx_hal.o(i.HAL_IncTick)
    HAL_Init                                 0x08000f89   Thumb Code    22  stm32f7xx_hal.o(i.HAL_Init)
    HAL_InitTick                             0x08000fa1   Thumb Code    54  stm32f7xx_hal.o(i.HAL_InitTick)
    HAL_MspInit                              0x08000fe1   Thumb Code    42  stm32f7xx_hal_msp.o(i.HAL_MspInit)
    HAL_NVIC_EnableIRQ                       0x08001011   Thumb Code    26  stm32f7xx_hal_cortex.o(i.HAL_NVIC_EnableIRQ)
    HAL_NVIC_SetPriority                     0x0800102d   Thumb Code    60  stm32f7xx_hal_cortex.o(i.HAL_NVIC_SetPriority)
    HAL_NVIC_SetPriorityGrouping             0x0800106d   Thumb Code    28  stm32f7xx_hal_cortex.o(i.HAL_NVIC_SetPriorityGrouping)
    HAL_PWREx_EnableOverDrive                0x08001091   Thumb Code   100  stm32f7xx_hal_pwr_ex.o(i.HAL_PWREx_EnableOverDrive)
    HAL_RCC_ClockConfig                      0x080010fd   Thumb Code   282  stm32f7xx_hal_rcc.o(i.HAL_RCC_ClockConfig)
    HAL_RCC_GetHCLKFreq                      0x08001229   Thumb Code     6  stm32f7xx_hal_rcc.o(i.HAL_RCC_GetHCLKFreq)
    HAL_RCC_GetSysClockFreq                  0x08001235   Thumb Code    88  stm32f7xx_hal_rcc.o(i.HAL_RCC_GetSysClockFreq)
    HAL_RCC_OscConfig                        0x08001299   Thumb Code   810  stm32f7xx_hal_rcc.o(i.HAL_RCC_OscConfig)
    HAL_SYSTICK_Config                       0x080015d1   Thumb Code    38  stm32f7xx_hal_cortex.o(i.HAL_SYSTICK_Config)
    HardFault_Handler                        0x080015f7   Thumb Code     2  stm32f7xx_it.o(i.HardFault_Handler)
    MX_LWIP_Init                             0x08001681   Thumb Code   246  lwip.o(i.MX_LWIP_Init)
    MemManage_Handler                        0x0800178d   Thumb Code     2  stm32f7xx_it.o(i.MemManage_Handler)
    NMI_Handler                              0x0800178f   Thumb Code     2  stm32f7xx_it.o(i.NMI_Handler)
    PendSV_Handler                           0x08001791   Thumb Code     2  stm32f7xx_it.o(i.PendSV_Handler)
    SVC_Handler                              0x08001793   Thumb Code     2  stm32f7xx_it.o(i.SVC_Handler)
    SysTick_Handler                          0x08001795   Thumb Code     4  stm32f7xx_it.o(i.SysTick_Handler)
    SystemClock_Config                       0x08001799   Thumb Code   128  main.o(i.SystemClock_Config)
    SystemInit                               0x08001821   Thumb Code    68  system_stm32f7xx.o(i.SystemInit)
    UsageFault_Handler                       0x08001875   Thumb Code     2  stm32f7xx_it.o(i.UsageFault_Handler)
    __0printf$3                              0x08001879   Thumb Code    22  printf3.o(i.__0printf$3)
    __1printf$3                              0x08001879   Thumb Code     0  printf3.o(i.__0printf$3)
    __2printf                                0x08001879   Thumb Code     0  printf3.o(i.__0printf$3)
    __0sprintf$3                             0x08001899   Thumb Code    34  printf3.o(i.__0sprintf$3)
    __1sprintf$3                             0x08001899   Thumb Code     0  printf3.o(i.__0sprintf$3)
    __2sprintf                               0x08001899   Thumb Code     0  printf3.o(i.__0sprintf$3)
    __scatterload_copy                       0x080018e3   Thumb Code    14  handlers.o(i.__scatterload_copy)
    __scatterload_null                       0x080018f1   Thumb Code     2  handlers.o(i.__scatterload_null)
    __scatterload_zeroinit                   0x080018f3   Thumb Code    14  handlers.o(i.__scatterload_zeroinit)
    etharp_cleanup_netif                     0x08001c21   Thumb Code    42  etharp.o(i.etharp_cleanup_netif)
    etharp_input                             0x08001ecd   Thumb Code   148  etharp.o(i.etharp_input)
    etharp_output                            0x08001fd1   Thumb Code   272  etharp.o(i.etharp_output)
    etharp_query                             0x08002289   Thumb Code   300  etharp.o(i.etharp_query)
    etharp_request                           0x080025d1   Thumb Code     6  etharp.o(i.etharp_request)
    etharp_tmr                               0x080025fd   Thumb Code    92  etharp.o(i.etharp_tmr)
    ethernet_input                           0x08002779   Thumb Code   154  ethernet.o(i.ethernet_input)
    ethernet_output                          0x08002819   Thumb Code    98  ethernet.o(i.ethernet_output)
    ethernetif_init                          0x08002911   Thumb Code    50  ethernetif.o(i.ethernetif_init)
    ethernetif_input                         0x08002999   Thumb Code    34  ethernetif.o(i.ethernetif_input)
    ethernetif_notify_conn_changed           0x080029bb   Thumb Code     2  ethernetif.o(i.ethernetif_notify_conn_changed)
    ethernetif_update_config                 0x080029bd   Thumb Code   170  ethernetif.o(i.ethernetif_update_config)
    fputc                                    0x08002a6d   Thumb Code    18  fputc.o(i.fputc)
    ip4_addr_isbroadcast_u32                 0x08002a7f   Thumb Code    46  ip4_addr.o(i.ip4_addr_isbroadcast_u32)
    ip4_frag                                 0x08002aad   Thumb Code   390  ip4_frag.o(i.ip4_frag)
    ip4_input                                0x08002d01   Thumb Code   336  ip4.o(i.ip4_input)
    ip4_output_if_src                        0x08002e59   Thumb Code   206  ip4.o(i.ip4_output_if_src)
    ip4_reass                                0x08002fc9   Thumb Code   432  ip4_frag.o(i.ip4_reass)
    ip4_route                                0x0800317d   Thumb Code    82  ip4.o(i.ip4_route)
    ip_reass_tmr                             0x08003755   Thumb Code    40  ip4_frag.o(i.ip_reass_tmr)
    lwip_htons                               0x08003a7d   Thumb Code     4  def.o(i.lwip_htons)
    lwip_init                                0x08003a81   Thumb Code    26  init.o(i.lwip_init)
    main                                     0x08003a9d   Thumb Code    32  main.o(i.main)
    mem_free                                 0x08003ac1   Thumb Code   110  mem.o(i.mem_free)
    mem_init                                 0x08003bdd   Thumb Code    42  mem.o(i.mem_init)
    mem_malloc                               0x08003c11   Thumb Code   256  mem.o(i.mem_malloc)
    mem_trim                                 0x08003e0d   Thumb Code   246  mem.o(i.mem_trim)
    memp_free                                0x08003f99   Thumb Code    34  memp.o(i.memp_free)
    memp_init                                0x08004035   Thumb Code    26  memp.o(i.memp_init)
    memp_init_pool                           0x08004055   Thumb Code    42  memp.o(i.memp_init_pool)
    memp_malloc                              0x08004081   Thumb Code    38  memp.o(i.memp_malloc)
    netif_add                                0x08004125   Thumb Code   106  netif.o(i.netif_add)
    netif_init                               0x08004209   Thumb Code     2  netif.o(i.netif_init)
    netif_set_addr                           0x08004225   Thumb Code    72  netif.o(i.netif_set_addr)
    netif_set_default                        0x0800426d   Thumb Code     6  netif.o(i.netif_set_default)
    netif_set_down                           0x08004279   Thumb Code    26  netif.o(i.netif_set_down)
    netif_set_gw                             0x08004293   Thumb Code     8  netif.o(i.netif_set_gw)
    netif_set_ipaddr                         0x0800429d   Thumb Code    52  netif.o(i.netif_set_ipaddr)
    netif_set_link_callback                  0x080042d5   Thumb Code     8  netif.o(i.netif_set_link_callback)
    netif_set_netmask                        0x080042dd   Thumb Code     8  netif.o(i.netif_set_netmask)
    netif_set_up                             0x080042e5   Thumb Code    28  netif.o(i.netif_set_up)
    pbuf_alloc                               0x08004301   Thumb Code   460  pbuf.o(i.pbuf_alloc)
    pbuf_alloced_custom                      0x08004665   Thumb Code    98  pbuf.o(i.pbuf_alloced_custom)
    pbuf_cat                                 0x08004745   Thumb Code    96  pbuf.o(i.pbuf_cat)
    pbuf_chain                               0x08004875   Thumb Code    18  pbuf.o(i.pbuf_chain)
    pbuf_clen                                0x08004887   Thumb Code    18  pbuf.o(i.pbuf_clen)
    pbuf_copy                                0x08004899   Thumb Code   242  pbuf.o(i.pbuf_copy)
    pbuf_free                                0x08004a85   Thumb Code   174  pbuf.o(i.pbuf_free)
    pbuf_header                              0x08004bed   Thumb Code     6  pbuf.o(i.pbuf_header)
    pbuf_realloc                             0x08004d19   Thumb Code   196  pbuf.o(i.pbuf_realloc)
    pbuf_ref                                 0x08004eb1   Thumb Code    32  pbuf.o(i.pbuf_ref)
    pbuf_take                                0x08004f3d   Thumb Code   162  pbuf.o(i.pbuf_take)
    sys_check_timeouts                       0x08005239   Thumb Code    68  timeouts.o(i.sys_check_timeouts)
    sys_now                                  0x08005281   Thumb Code     4  ethernetif.o(i.sys_now)
    sys_timeout                              0x08005285   Thumb Code   156  timeouts.o(i.sys_timeout)
    sys_timeouts_init                        0x080053c1   Thumb Code    38  timeouts.o(i.sys_timeouts_init)
    udp_bind                                 0x080053f5   Thumb Code   174  udp.o(i.udp_bind)
    udp_connect                              0x080054ad   Thumb Code    76  udp.o(i.udp_connect)
    udp_echoclient_connect                   0x080054fd   Thumb Code    42  udp_echoclient.o(i.udp_echoclient_connect)
    udp_echoclient_send                      0x08005535   Thumb Code    70  udp_echoclient.o(i.udp_echoclient_send)
    udp_init                                 0x080055a5   Thumb Code     2  udp.o(i.udp_init)
    udp_input                                0x080055a9   Thumb Code   256  udp.o(i.udp_input)
    udp_netif_ip_addr_changed                0x0800571d   Thumb Code    48  udp.o(i.udp_netif_ip_addr_changed)
    udp_new                                  0x08005751   Thumb Code    26  udp.o(i.udp_new)
    udp_receive_callback                     0x0800576d   Thumb Code    14  udp_echoclient.o(i.udp_receive_callback)
    udp_recv                                 0x08005781   Thumb Code     6  udp.o(i.udp_recv)
    udp_send                                 0x08005787   Thumb Code    16  udp.o(i.udp_send)
    udp_sendto                               0x08005797   Thumb Code    50  udp.o(i.udp_sendto)
    udp_sendto_if                            0x080057c9   Thumb Code    54  udp.o(i.udp_sendto_if)
    udp_sendto_if_src                        0x08005801   Thumb Code   186  udp.o(i.udp_sendto_if_src)
    AHBPrescTable                            0x08005944   Data          16  system_stm32f7xx.o(.constdata)
    ethbroadcast                             0x08005954   Data           6  ethernet.o(.constdata)
    ethzero                                  0x0800595a   Data           6  ethernet.o(.constdata)
    memp_UDP_PCB                             0x08005960   Data          12  memp.o(.constdata)
    memp_REASSDATA                           0x0800596c   Data          12  memp.o(.constdata)
    memp_FRAG_PBUF                           0x08005978   Data          12  memp.o(.constdata)
    memp_SYS_TIMEOUT                         0x08005984   Data          12  memp.o(.constdata)
    memp_PBUF                                0x08005990   Data          12  memp.o(.constdata)
    memp_PBUF_POOL                           0x0800599c   Data          12  memp.o(.constdata)
    memp_pools                               0x080059a8   Data          24  memp.o(.constdata)
    lwip_cyclic_timers                       0x080059c0   Data          16  timeouts.o(.constdata)
    ip_addr_any                              0x080059d0   Data           4  ip4_addr.o(.constdata)
    Region$$Table$$Base                      0x08005a18   Number         0  anon$$obj.o(Region$$Table)
    Region$$Table$$Limit                     0x08005a38   Number         0  anon$$obj.o(Region$$Table)
    message_count                            0x20010000   Data           4  udp_echoclient.o(.data)
    upcb                                     0x20010004   Data           4  udp_echoclient.o(.data)
    ipaddr                                   0x20010008   Data           4  lwip.o(.data)
    netmask                                  0x2001000c   Data           4  lwip.o(.data)
    gw                                       0x20010010   Data           4  lwip.o(.data)
    IP_ADDRESS                               0x20010014   Data           4  lwip.o(.data)
    NETMASK_ADDRESS                          0x20010018   Data           4  lwip.o(.data)
    GATEWAY_ADDRESS                          0x2001001c   Data           4  lwip.o(.data)
    uwTickFreq                               0x20010020   Data           1  stm32f7xx_hal.o(.data)
    uwTickPrio                               0x20010024   Data           4  stm32f7xx_hal.o(.data)
    uwTick                                   0x20010028   Data           4  stm32f7xx_hal.o(.data)
    SystemCoreClock                          0x2001002c   Data           4  system_stm32f7xx.o(.data)
    netif_list                               0x20010058   Data           4  netif.o(.data)
    netif_default                            0x2001005c   Data           4  netif.o(.data)
    udp_pcbs                                 0x2001006c   Data           4  udp.o(.data)
    __stdout                                 0x2001007c   Data           4  stdout.o(.data)
    data                                     0x20010080   Data         100  udp_echoclient.o(.bss)
    gnetif                                   0x200100e4   Data          52  lwip.o(.bss)
    DMARxDscrTab                             0x20010118   Data         128  ethernetif.o(.bss)
    DMATxDscrTab                             0x20010198   Data         128  ethernetif.o(.bss)
    Rx_Buff                                  0x20010218   Data        6096  ethernetif.o(.bss)
    Tx_Buff                                  0x200119e8   Data        6096  ethernetif.o(.bss)
    heth                                     0x200131b8   Data          72  ethernetif.o(.bss)
    ip_data                                  0x20013200   Data          24  ip.o(.bss)
    ram_heap                                 0x20013218   Data        1619  mem.o(.bss)
    memp_memory_UDP_PCB_base                 0x2001386b   Data         131  memp.o(.bss)
    memp_memory_REASSDATA_base               0x200138ee   Data         163  memp.o(.bss)
    memp_memory_FRAG_PBUF_base               0x20013991   Data         363  memp.o(.bss)
    memp_memory_SYS_TIMEOUT_base             0x20013afc   Data          35  memp.o(.bss)
    memp_memory_PBUF_base                    0x20013b1f   Data         259  memp.o(.bss)
    memp_memory_PBUF_POOL_base               0x20013c22   Data        9731  memp.o(.bss)
    __initial_sp                             0x20017718   Data           0  startup_stm32f746xx.o(STACK)



==============================================================================

Memory Map of the image

  Image Entry point : 0x080001c9

  Load Region LR_IROM1 (Base: 0x08000000, Size: 0x00005ab8, Max: 0x00100000, ABSOLUTE)

    Execution Region ER_IROM1 (Exec base: 0x08000000, Load base: 0x08000000, Size: 0x00005a38, Max: 0x00100000, ABSOLUTE)

    Exec Addr    Load Addr    Size         Type   Attr      Idx    E Section Name        Object

    0x08000000   0x08000000   0x000001c8   Data   RO            3    RESET               startup_stm32f746xx.o
    0x080001c8   0x080001c8   0x00000000   Code   RO         4840  * .ARM.Collect$$$$00000000  mc_w.l(entry.o)
    0x080001c8   0x080001c8   0x00000004   Code   RO         5118    .ARM.Collect$$$$00000001  mc_w.l(entry2.o)
    0x080001cc   0x080001cc   0x00000004   Code   RO         5121    .ARM.Collect$$$$00000004  mc_w.l(entry5.o)
    0x080001d0   0x080001d0   0x00000000   Code   RO         5123    .ARM.Collect$$$$00000008  mc_w.l(entry7b.o)
    0x080001d0   0x080001d0   0x00000000   Code   RO         5125    .ARM.Collect$$$$0000000A  mc_w.l(entry8b.o)
    0x080001d0   0x080001d0   0x00000008   Code   RO         5126    .ARM.Collect$$$$0000000B  mc_w.l(entry9a.o)
    0x080001d8   0x080001d8   0x00000000   Code   RO         5128    .ARM.Collect$$$$0000000D  mc_w.l(entry10a.o)
    0x080001d8   0x080001d8   0x00000000   Code   RO         5130    .ARM.Collect$$$$0000000F  mc_w.l(entry11a.o)
    0x080001d8   0x080001d8   0x00000004   Code   RO         5119    .ARM.Collect$$$$00002712  mc_w.l(entry2.o)
    0x080001dc   0x080001dc   0x00000024   Code   RO            4    .text               startup_stm32f746xx.o
    0x08000200   0x08000200   0x00000062   Code   RO         4843    .text               mc_w.l(uldiv.o)
    0x08000262   0x08000262   0x00000024   Code   RO         4845    .text               mc_w.l(memcpya.o)
    0x08000286   0x08000286   0x00000024   Code   RO         4847    .text               mc_w.l(memseta.o)
    0x080002aa   0x080002aa   0x0000000e   Code   RO         4849    .text               mc_w.l(strlen.o)
    0x080002b8   0x080002b8   0x0000001a   Code   RO         4851    .text               mc_w.l(memcmp.o)
    0x080002d2   0x080002d2   0x0000002c   Code   RO         5135    .text               mc_w.l(uidiv.o)
    0x080002fe   0x080002fe   0x0000001e   Code   RO         5137    .text               mc_w.l(llshl.o)
    0x0800031c   0x0800031c   0x00000020   Code   RO         5139    .text               mc_w.l(llushr.o)
    0x0800033c   0x0800033c   0x00000024   Code   RO         5152    .text               mc_w.l(init.o)
    0x08000360   0x08000360   0x00000000   Code   RO         5154    .text               mc_w.l(semi.o)
    0x08000360   0x08000360   0x00000000   Code   RO         5157    .text               mc_w.l(iusesemip.o)
    0x08000360   0x08000360   0x00000002   Code   RO          510    i.BusFault_Handler  stm32f7xx_it.o
    0x08000362   0x08000362   0x00000002   Code   RO          511    i.DebugMon_Handler  stm32f7xx_it.o
    0x08000364   0x08000364   0x0000002e   Code   RO          615    i.ETH_FlushTransmitFIFO  stm32f7xx_hal_eth.o
    0x08000392   0x08000392   0x00000002   PAD
    0x08000394   0x08000394   0x00000124   Code   RO          616    i.ETH_MACDMAConfig  stm32f7xx_hal_eth.o
    0x080004b8   0x080004b8   0x00000008   Code   RO          512    i.EXTI15_10_IRQHandler  stm32f7xx_it.o
    0x080004c0   0x080004c0   0x00000024   Code   RO         1714    i.HAL_Delay         stm32f7xx_hal.o
    0x080004e4   0x080004e4   0x00000144   Code   RO          618    i.HAL_ETH_ConfigMAC  stm32f7xx_hal_eth.o
    0x08000628   0x08000628   0x00000074   Code   RO          619    i.HAL_ETH_DMARxDescListInit  stm32f7xx_hal_eth.o
    0x0800069c   0x0800069c   0x00000084   Code   RO          620    i.HAL_ETH_DMATxDescListInit  stm32f7xx_hal_eth.o
    0x08000720   0x08000720   0x0000007e   Code   RO          623    i.HAL_ETH_GetReceivedFrame  stm32f7xx_hal_eth.o
    0x0800079e   0x0800079e   0x00000002   PAD
    0x080007a0   0x080007a0   0x000001f0   Code   RO          627    i.HAL_ETH_Init      stm32f7xx_hal_eth.o
    0x08000990   0x08000990   0x000000c4   Code   RO          410    i.HAL_ETH_MspInit   ethernetif.o
    0x08000a54   0x08000a54   0x00000086   Code   RO          630    i.HAL_ETH_ReadPHYRegister  stm32f7xx_hal_eth.o
    0x08000ada   0x08000ada   0x00000084   Code   RO          632    i.HAL_ETH_Start     stm32f7xx_hal_eth.o
    0x08000b5e   0x08000b5e   0x00000084   Code   RO          633    i.HAL_ETH_Stop      stm32f7xx_hal_eth.o
    0x08000be2   0x08000be2   0x00000112   Code   RO          634    i.HAL_ETH_TransmitFrame  stm32f7xx_hal_eth.o
    0x08000cf4   0x08000cf4   0x0000007a   Code   RO          636    i.HAL_ETH_WritePHYRegister  stm32f7xx_hal_eth.o
    0x08000d6e   0x08000d6e   0x0000000c   Code   RO          250    i.HAL_GPIO_EXTI_Callback  main.o
    0x08000d7a   0x08000d7a   0x00000002   PAD
    0x08000d7c   0x08000d7c   0x00000018   Code   RO         1280    i.HAL_GPIO_EXTI_IRQHandler  stm32f7xx_hal_gpio.o
    0x08000d94   0x08000d94   0x000001d8   Code   RO         1281    i.HAL_GPIO_Init     stm32f7xx_hal_gpio.o
    0x08000f6c   0x08000f6c   0x0000000c   Code   RO         1722    i.HAL_GetTick       stm32f7xx_hal.o
    0x08000f78   0x08000f78   0x00000010   Code   RO         1728    i.HAL_IncTick       stm32f7xx_hal.o
    0x08000f88   0x08000f88   0x00000016   Code   RO         1729    i.HAL_Init          stm32f7xx_hal.o
    0x08000f9e   0x08000f9e   0x00000002   PAD
    0x08000fa0   0x08000fa0   0x00000040   Code   RO         1730    i.HAL_InitTick      stm32f7xx_hal.o
    0x08000fe0   0x08000fe0   0x00000030   Code   RO          591    i.HAL_MspInit       stm32f7xx_hal_msp.o
    0x08001010   0x08001010   0x0000001a   Code   RO          768    i.HAL_NVIC_EnableIRQ  stm32f7xx_hal_cortex.o
    0x0800102a   0x0800102a   0x00000002   PAD
    0x0800102c   0x0800102c   0x00000040   Code   RO          774    i.HAL_NVIC_SetPriority  stm32f7xx_hal_cortex.o
    0x0800106c   0x0800106c   0x00000024   Code   RO          775    i.HAL_NVIC_SetPriorityGrouping  stm32f7xx_hal_cortex.o
    0x08001090   0x08001090   0x0000006c   Code   RO         1621    i.HAL_PWREx_EnableOverDrive  stm32f7xx_hal_pwr_ex.o
    0x080010fc   0x080010fc   0x0000012c   Code   RO          935    i.HAL_RCC_ClockConfig  stm32f7xx_hal_rcc.o
    0x08001228   0x08001228   0x0000000c   Code   RO          940    i.HAL_RCC_GetHCLKFreq  stm32f7xx_hal_rcc.o
    0x08001234   0x08001234   0x00000064   Code   RO          944    i.HAL_RCC_GetSysClockFreq  stm32f7xx_hal_rcc.o
    0x08001298   0x08001298   0x00000338   Code   RO          947    i.HAL_RCC_OscConfig  stm32f7xx_hal_rcc.o
    0x080015d0   0x080015d0   0x00000026   Code   RO          779    i.HAL_SYSTICK_Config  stm32f7xx_hal_cortex.o
    0x080015f6   0x080015f6   0x00000002   Code   RO          513    i.HardFault_Handler  stm32f7xx_it.o
    0x080015f8   0x080015f8   0x00000088   Code   RO          251    i.MX_GPIO_Init      main.o
    0x08001680   0x08001680   0x0000010c   Code   RO          345    i.MX_LWIP_Init      lwip.o
    0x0800178c   0x0800178c   0x00000002   Code   RO          514    i.MemManage_Handler  stm32f7xx_it.o
    0x0800178e   0x0800178e   0x00000002   Code   RO          515    i.NMI_Handler       stm32f7xx_it.o
    0x08001790   0x08001790   0x00000002   Code   RO          516    i.PendSV_Handler    stm32f7xx_it.o
    0x08001792   0x08001792   0x00000002   Code   RO          517    i.SVC_Handler       stm32f7xx_it.o
    0x08001794   0x08001794   0x00000004   Code   RO          518    i.SysTick_Handler   stm32f7xx_it.o
    0x08001798   0x08001798   0x00000088   Code   RO          252    i.SystemClock_Config  main.o
    0x08001820   0x08001820   0x00000054   Code   RO         2465    i.SystemInit        system_stm32f7xx.o
    0x08001874   0x08001874   0x00000002   Code   RO          519    i.UsageFault_Handler  stm32f7xx_it.o
    0x08001876   0x08001876   0x00000002   PAD
    0x08001878   0x08001878   0x00000020   Code   RO         4946    i.__0printf$3       mc_w.l(printf3.o)
    0x08001898   0x08001898   0x00000028   Code   RO         4948    i.__0sprintf$3      mc_w.l(printf3.o)
    0x080018c0   0x080018c0   0x00000022   Code   RO          781    i.__NVIC_SetPriority  stm32f7xx_hal_cortex.o
    0x080018e2   0x080018e2   0x0000000e   Code   RO         5162    i.__scatterload_copy  mc_w.l(handlers.o)
    0x080018f0   0x080018f0   0x00000002   Code   RO         5163    i.__scatterload_null  mc_w.l(handlers.o)
    0x080018f2   0x080018f2   0x0000000e   Code   RO         5164    i.__scatterload_zeroinit  mc_w.l(handlers.o)
    0x08001900   0x08001900   0x000001b8   Code   RO         4953    i._printf_core      mc_w.l(printf3.o)
    0x08001ab8   0x08001ab8   0x0000000a   Code   RO         4955    i._sputc            mc_w.l(printf3.o)
    0x08001ac2   0x08001ac2   0x00000002   PAD
    0x08001ac4   0x08001ac4   0x0000001c   Code   RO         4069    i.cyclic_timer      timeouts.o
    0x08001ae0   0x08001ae0   0x0000009c   Code   RO         3549    i.do_memp_free_pool  memp.o
    0x08001b7c   0x08001b7c   0x000000a4   Code   RO         3550    i.do_memp_malloc_pool  memp.o
    0x08001c20   0x08001c20   0x00000030   Code   RO         4305    i.etharp_cleanup_netif  etharp.o
    0x08001c50   0x08001c50   0x00000258   Code   RO         4307    i.etharp_find_entry  etharp.o
    0x08001ea8   0x08001ea8   0x00000024   Code   RO         4308    i.etharp_free_entry  etharp.o
    0x08001ecc   0x08001ecc   0x00000104   Code   RO         4310    i.etharp_input      etharp.o
    0x08001fd0   0x08001fd0   0x000001a8   Code   RO         4311    i.etharp_output     etharp.o
    0x08002178   0x08002178   0x00000110   Code   RO         4312    i.etharp_output_to_arp_index  etharp.o
    0x08002288   0x08002288   0x000001d8   Code   RO         4313    i.etharp_query      etharp.o
    0x08002460   0x08002460   0x00000170   Code   RO         4314    i.etharp_raw        etharp.o
    0x080025d0   0x080025d0   0x0000000c   Code   RO         4315    i.etharp_request    etharp.o
    0x080025dc   0x080025dc   0x00000020   Code   RO         4316    i.etharp_request_dst  etharp.o
    0x080025fc   0x080025fc   0x00000060   Code   RO         4317    i.etharp_tmr        etharp.o
    0x0800265c   0x0800265c   0x0000011c   Code   RO         4318    i.etharp_update_arp_entry  etharp.o
    0x08002778   0x08002778   0x000000a0   Code   RO         2940    i.ethernet_input    ethernet.o
    0x08002818   0x08002818   0x000000f8   Code   RO         2941    i.ethernet_output   ethernet.o
    0x08002910   0x08002910   0x00000088   Code   RO          411    i.ethernetif_init   ethernetif.o
    0x08002998   0x08002998   0x00000022   Code   RO          412    i.ethernetif_input  ethernetif.o
    0x080029ba   0x080029ba   0x00000002   Code   RO          413    i.ethernetif_notify_conn_changed  ethernetif.o
    0x080029bc   0x080029bc   0x000000b0   Code   RO          415    i.ethernetif_update_config  ethernetif.o
    0x08002a6c   0x08002a6c   0x00000012   Code   RO         5132    i.fputc             mc_w.l(fputc.o)
    0x08002a7e   0x08002a7e   0x0000002e   Code   RO         4502    i.ip4_addr_isbroadcast_u32  ip4_addr.o
    0x08002aac   0x08002aac   0x00000254   Code   RO         4568    i.ip4_frag          ip4_frag.o
    0x08002d00   0x08002d00   0x00000158   Code   RO         4441    i.ip4_input         ip4.o
    0x08002e58   0x08002e58   0x00000170   Code   RO         4444    i.ip4_output_if_src  ip4.o
    0x08002fc8   0x08002fc8   0x000001b4   Code   RO         4569    i.ip4_reass         ip4_frag.o
    0x0800317c   0x0800317c   0x0000005c   Code   RO         4445    i.ip4_route         ip4.o
    0x080031d8   0x080031d8   0x00000090   Code   RO         4570    i.ip_frag_free_pbuf_custom_ref  ip4_frag.o
    0x08003268   0x08003268   0x00000260   Code   RO         4571    i.ip_reass_chain_frag_into_datagram_and_validate  ip4_frag.o
    0x080034c8   0x080034c8   0x000000bc   Code   RO         4572    i.ip_reass_dequeue_datagram  ip4_frag.o
    0x08003584   0x08003584   0x00000150   Code   RO         4573    i.ip_reass_free_complete_datagram  ip4_frag.o
    0x080036d4   0x080036d4   0x00000080   Code   RO         4574    i.ip_reass_remove_oldest_datagram  ip4_frag.o
    0x08003754   0x08003754   0x0000002c   Code   RO         4575    i.ip_reass_tmr      ip4_frag.o
    0x08003780   0x08003780   0x00000098   Code   RO         4576    i.ipfrag_free_pbuf_custom  ip4_frag.o
    0x08003818   0x08003818   0x000000f0   Code   RO          416    i.low_level_init    ethernetif.o
    0x08003908   0x08003908   0x000000c4   Code   RO          417    i.low_level_input   ethernetif.o
    0x080039cc   0x080039cc   0x000000b0   Code   RO          418    i.low_level_output  ethernetif.o
    0x08003a7c   0x08003a7c   0x00000004   Code   RO         3238    i.lwip_htons        def.o
    0x08003a80   0x08003a80   0x0000001a   Code   RO         3390    i.lwip_init         init.o
    0x08003a9a   0x08003a9a   0x00000002   PAD
    0x08003a9c   0x08003a9c   0x00000024   Code   RO          253    i.main              main.o
    0x08003ac0   0x08003ac0   0x0000011c   Code   RO         3483    i.mem_free          mem.o
    0x08003bdc   0x08003bdc   0x00000034   Code   RO         3484    i.mem_init          mem.o
    0x08003c10   0x08003c10   0x000001fc   Code   RO         3485    i.mem_malloc        mem.o
    0x08003e0c   0x08003e0c   0x0000018c   Code   RO         3486    i.mem_trim          mem.o
    0x08003f98   0x08003f98   0x0000009c   Code   RO         3551    i.memp_free         memp.o
    0x08004034   0x08004034   0x00000020   Code   RO         3553    i.memp_init         memp.o
    0x08004054   0x08004054   0x0000002a   Code   RO         3554    i.memp_init_pool    memp.o
    0x0800407e   0x0800407e   0x00000002   PAD
    0x08004080   0x08004080   0x000000a4   Code   RO         3555    i.memp_malloc       memp.o
    0x08004124   0x08004124   0x000000e4   Code   RO         3667    i.netif_add         netif.o
    0x08004208   0x08004208   0x00000002   Code   RO         3669    i.netif_init        netif.o
    0x0800420a   0x0800420a   0x0000001a   Code   RO         3671    i.netif_issue_reports  netif.o
    0x08004224   0x08004224   0x00000048   Code   RO         3673    i.netif_set_addr    netif.o
    0x0800426c   0x0800426c   0x0000000c   Code   RO         3674    i.netif_set_default  netif.o
    0x08004278   0x08004278   0x0000001a   Code   RO         3675    i.netif_set_down    netif.o
    0x08004292   0x08004292   0x00000008   Code   RO         3676    i.netif_set_gw      netif.o
    0x0800429a   0x0800429a   0x00000002   PAD
    0x0800429c   0x0800429c   0x00000038   Code   RO         3677    i.netif_set_ipaddr  netif.o
    0x080042d4   0x080042d4   0x00000008   Code   RO         3678    i.netif_set_link_callback  netif.o
    0x080042dc   0x080042dc   0x00000008   Code   RO         3681    i.netif_set_netmask  netif.o
    0x080042e4   0x080042e4   0x0000001c   Code   RO         3682    i.netif_set_up      netif.o
    0x08004300   0x08004300   0x00000364   Code   RO         3794    i.pbuf_alloc        pbuf.o
    0x08004664   0x08004664   0x000000e0   Code   RO         3795    i.pbuf_alloced_custom  pbuf.o
    0x08004744   0x08004744   0x00000130   Code   RO         3796    i.pbuf_cat          pbuf.o
    0x08004874   0x08004874   0x00000012   Code   RO         3797    i.pbuf_chain        pbuf.o
    0x08004886   0x08004886   0x00000012   Code   RO         3798    i.pbuf_clen         pbuf.o
    0x08004898   0x08004898   0x000001ec   Code   RO         3800    i.pbuf_copy         pbuf.o
    0x08004a84   0x08004a84   0x00000168   Code   RO         3803    i.pbuf_free         pbuf.o
    0x08004bec   0x08004bec   0x00000006   Code   RO         3805    i.pbuf_header       pbuf.o
    0x08004bf2   0x08004bf2   0x00000002   PAD
    0x08004bf4   0x08004bf4   0x00000124   Code   RO         3807    i.pbuf_header_impl  pbuf.o
    0x08004d18   0x08004d18   0x00000198   Code   RO         3811    i.pbuf_realloc      pbuf.o
    0x08004eb0   0x08004eb0   0x0000008c   Code   RO         3812    i.pbuf_ref          pbuf.o
    0x08004f3c   0x08004f3c   0x00000180   Code   RO         3816    i.pbuf_take         pbuf.o
    0x080050bc   0x080050bc   0x0000017c   Code   RO         3487    i.plug_holes        mem.o
    0x08005238   0x08005238   0x00000048   Code   RO         4070    i.sys_check_timeouts  timeouts.o
    0x08005280   0x08005280   0x00000004   Code   RO          420    i.sys_now           ethernetif.o
    0x08005284   0x08005284   0x0000013c   Code   RO         4072    i.sys_timeout       timeouts.o
    0x080053c0   0x080053c0   0x00000034   Code   RO         4073    i.sys_timeouts_init  timeouts.o
    0x080053f4   0x080053f4   0x000000b8   Code   RO         4147    i.udp_bind          udp.o
    0x080054ac   0x080054ac   0x00000050   Code   RO         4148    i.udp_connect       udp.o
    0x080054fc   0x080054fc   0x00000038   Code   RO           13    i.udp_echoclient_connect  udp_echoclient.o
    0x08005534   0x08005534   0x00000070   Code   RO           14    i.udp_echoclient_send  udp_echoclient.o
    0x080055a4   0x080055a4   0x00000002   Code   RO         4150    i.udp_init          udp.o
    0x080055a6   0x080055a6   0x00000002   PAD
    0x080055a8   0x080055a8   0x00000174   Code   RO         4151    i.udp_input         udp.o
    0x0800571c   0x0800571c   0x00000034   Code   RO         4152    i.udp_netif_ip_addr_changed  udp.o
    0x08005750   0x08005750   0x0000001a   Code   RO         4153    i.udp_new           udp.o
    0x0800576a   0x0800576a   0x00000002   PAD
    0x0800576c   0x0800576c   0x00000014   Code   RO           15    i.udp_receive_callback  udp_echoclient.o
    0x08005780   0x08005780   0x00000006   Code   RO         4155    i.udp_recv          udp.o
    0x08005786   0x08005786   0x00000010   Code   RO         4157    i.udp_send          udp.o
    0x08005796   0x08005796   0x00000032   Code   RO         4158    i.udp_sendto        udp.o
    0x080057c8   0x080057c8   0x00000036   Code   RO         4159    i.udp_sendto_if     udp.o
    0x080057fe   0x080057fe   0x00000002   PAD
    0x08005800   0x08005800   0x00000144   Code   RO         4160    i.udp_sendto_if_src  udp.o
    0x08005944   0x08005944   0x00000010   Data   RO         2466    .constdata          system_stm32f7xx.o
    0x08005954   0x08005954   0x00000006   Data   RO         2942    .constdata          ethernet.o
    0x0800595a   0x0800595a   0x00000006   Data   RO         2943    .constdata          ethernet.o
    0x08005960   0x08005960   0x0000000c   Data   RO         3563    .constdata          memp.o
    0x0800596c   0x0800596c   0x0000000c   Data   RO         3564    .constdata          memp.o
    0x08005978   0x08005978   0x0000000c   Data   RO         3565    .constdata          memp.o
    0x08005984   0x08005984   0x0000000c   Data   RO         3566    .constdata          memp.o
    0x08005990   0x08005990   0x0000000c   Data   RO         3567    .constdata          memp.o
    0x0800599c   0x0800599c   0x0000000c   Data   RO         3568    .constdata          memp.o
    0x080059a8   0x080059a8   0x00000018   Data   RO         3569    .constdata          memp.o
    0x080059c0   0x080059c0   0x00000010   Data   RO         4076    .constdata          timeouts.o
    0x080059d0   0x080059d0   0x00000004   Data   RO         4509    .constdata          ip4_addr.o
    0x080059d4   0x080059d4   0x00000041   Data   RO         4320    .conststring        etharp.o
    0x08005a15   0x08005a15   0x00000003   PAD
    0x08005a18   0x08005a18   0x00000020   Data   RO         5160    Region$$Table       anon$$obj.o


    Execution Region RW_IRAM2 (Exec base: 0x20000000, Load base: 0x08005ab8, Size: 0x00000000, Max: 0x00010000, ABSOLUTE)

    **** No section assigned to this execution region ****


    Execution Region RW_IRAM1 (Exec base: 0x20010000, Load base: 0x08005a38, Size: 0x00007718, Max: 0x00040000, ABSOLUTE)

    Exec Addr    Load Addr    Size         Type   Attr      Idx    E Section Name        Object

    0x20010000   0x08005a38   0x00000008   Data   RW           17    .data               udp_echoclient.o
    0x20010008   0x08005a40   0x00000018   Data   RW          352    .data               lwip.o
    0x20010020   0x08005a58   0x0000000c   Data   RW         1736    .data               stm32f7xx_hal.o
    0x2001002c   0x08005a64   0x00000004   Data   RW         2468    .data               system_stm32f7xx.o
    0x20010030   0x08005a68   0x0000000c   Data   RW         3489    .data               mem.o
    0x2001003c   0x08005a74   0x00000004   Data   RW         3570    .data               memp.o
    0x20010040   0x08005a78   0x00000004   Data   RW         3571    .data               memp.o
    0x20010044   0x08005a7c   0x00000004   Data   RW         3572    .data               memp.o
    0x20010048   0x08005a80   0x00000004   Data   RW         3573    .data               memp.o
    0x2001004c   0x08005a84   0x00000004   Data   RW         3574    .data               memp.o
    0x20010050   0x08005a88   0x00000004   Data   RW         3575    .data               memp.o
    0x20010054   0x08005a8c   0x0000000c   Data   RW         3683    .data               netif.o
    0x20010060   0x08005a98   0x00000008   Data   RW         4077    .data               timeouts.o
    0x20010068   0x08005aa0   0x00000008   Data   RW         4161    .data               udp.o
    0x20010070   0x08005aa8   0x00000001   Data   RW         4321    .data               etharp.o
    0x20010071   0x08005aa9   0x00000001   PAD
    0x20010072   0x08005aaa   0x00000002   Data   RW         4446    .data               ip4.o
    0x20010074   0x08005aac   0x00000008   Data   RW         4577    .data               ip4_frag.o
    0x2001007c   0x08005ab4   0x00000004   Data   RW         5134    .data               mc_w.l(stdout.o)
    0x20010080        -       0x00000064   Zero   RW           16    .bss                udp_echoclient.o
    0x200100e4        -       0x00000034   Zero   RW          351    .bss                lwip.o
    0x20010118        -       0x000030e8   Zero   RW          421    .bss                ethernetif.o
    0x20013200        -       0x00000018   Zero   RW         3451    .bss                ip.o
    0x20013218        -       0x00000653   Zero   RW         3488    .bss                mem.o
    0x2001386b        -       0x00000083   Zero   RW         3557    .bss                memp.o
    0x200138ee        -       0x000000a3   Zero   RW         3558    .bss                memp.o
    0x20013991        -       0x0000016b   Zero   RW         3559    .bss                memp.o
    0x20013afc        -       0x00000023   Zero   RW         3560    .bss                memp.o
    0x20013b1f        -       0x00000103   Zero   RW         3561    .bss                memp.o
    0x20013c22        -       0x00002603   Zero   RW         3562    .bss                memp.o
    0x20016225   0x08005ab8   0x00000003   PAD
    0x20016228        -       0x000000f0   Zero   RW         4319    .bss                etharp.o
    0x20016318        -       0x00001400   Zero   RW            1    STACK               startup_stm32f746xx.o


==============================================================================

Image component sizes


      Code (inc. data)   RO Data    RW Data    ZI Data      Debug   Object Name

         0          0          0          0          0       1616   auth.o
         4          0          0          0          0        557   def.o
         0          0          0          0          0        640   err.o
      2904       1170         65          1        240      12731   etharp.o
       408        156         12          0          0       2714   ethernet.o
      1160        140          0          0      12520       7540   ethernetif.o
        26          0          0          0          0        572   init.o
         0          0          0          0         24       5989   ip.o
       804        180          0          2          0       6435   ip4.o
        46          0          4          0          0       7002   ip4_addr.o
      2632       1020          0          8          0      10854   ip4_frag.o
       268         22          0         24         52       1441   lwip.o
       320         24          0          0          0       5624   main.o
      1620        804          0         12       1619       5721   mem.o
       714        498         96         24      10682       9670   memp.o
       474        132          0         12          0      10435   netif.o
      3514       1880          0          0          0      12891   pbuf.o
         0          0          0          0          0       1212   slipif.o
        36          8        456          0       5120        840   startup_stm32f746xx.o
       150         24          0         12          0       9057   stm32f7xx_hal.o
       198         12          0          0          0      38999   stm32f7xx_hal_cortex.o
      2326         70          0          0          0      12682   stm32f7xx_hal_eth.o
       496         60          0          0          0       2547   stm32f7xx_hal_gpio.o
        48          6          0          0          0        826   stm32f7xx_hal_msp.o
       108          8          0          0          0       1272   stm32f7xx_hal_pwr_ex.o
      1236         50          0          0          0       4410   stm32f7xx_hal_rcc.o
        28          0          0          0          0       4585   stm32f7xx_it.o
        84         16         16          4          0       1235   system_stm32f7xx.o
       468        184         16          8          0       5396   timeouts.o
      1166        272          0          8          0      11542   udp.o
       188         62          0          8        100     804102   udp_echoclient.o

    ----------------------------------------------------------------------
     21452       6798        700        124      30360    1001137   Object Totals
         0          0         32          0          0          0   (incl. Generated)
        26          0          3          1          3          0   (incl. Padding)

    ----------------------------------------------------------------------

      Code (inc. data)   RO Data    RW Data    ZI Data      Debug   Library Member Name

         0          0          0          0          0          0   entry.o
         0          0          0          0          0          0   entry10a.o
         0          0          0          0          0          0   entry11a.o
         8          4          0          0          0          0   entry2.o
         4          0          0          0          0          0   entry5.o
         0          0          0          0          0          0   entry7b.o
         0          0          0          0          0          0   entry8b.o
         8          4          0          0          0          0   entry9a.o
        18          0          0          0          0         80   fputc.o
        30          0          0          0          0          0   handlers.o
        36          8          0          0          0         68   init.o
         0          0          0          0          0          0   iusesemip.o
        30          0          0          0          0         68   llshl.o
        32          0          0          0          0         68   llushr.o
        26          0          0          0          0         80   memcmp.o
        36          0          0          0          0         68   memcpya.o
        36          0          0          0          0        108   memseta.o
       522         20          0          0          0        336   printf3.o
         0          0          0          0          0          0   semi.o
         0          0          0          4          0          0   stdout.o
        14          0          0          0          0         68   strlen.o
        44          0          0          0          0         80   uidiv.o
        98          0          0          0          0         92   uldiv.o

    ----------------------------------------------------------------------
       944         36          0          4          0       1116   Library Totals
         2          0          0          0          0          0   (incl. Padding)

    ----------------------------------------------------------------------

      Code (inc. data)   RO Data    RW Data    ZI Data      Debug   Library Name

       942         36          0          4          0       1116   mc_w.l

    ----------------------------------------------------------------------
       944         36          0          4          0       1116   Library Totals

    ----------------------------------------------------------------------

==============================================================================


      Code (inc. data)   RO Data    RW Data    ZI Data      Debug   

     22396       6834        700        128      30360     989137   Grand Totals
     22396       6834        700        128      30360     989137   ELF Image Totals
     22396       6834        700        128          0          0   ROM Totals

==============================================================================

    Total RO  Size (Code + RO Data)                23096 (  22.55kB)
    Total RW  Size (RW Data + ZI Data)             30488 (  29.77kB)
    Total ROM Size (Code + RO Data + RW Data)      23224 (  22.68kB)

==============================================================================

